Product: MDK-ARM Professional 5.10
Component: ARM Compiler 5.04 update 1 (build 49)
Tool: armlink [5040049]

==============================================================================

Section Cross References

    main.o(.text) refers to os_cpu_c.o(.text) for OS_CPU_SysTickInit
    main.o(.text) refers to os_core.o(.text) for OSStatInit
    main.o(.text) refers to task.o(.text) for App_Task
    main.o(.text) refers to os_time.o(.text) for OSTimeDlyHMSM
    main.o(.text) refers to os_cpu_a.o(.text) for CPU_IntDis
    main.o(.text) refers to os_task.o(.text) for OSTaskCreateExt
    main.o(.text) refers to system_stm32f4xx.o(.data) for SystemCoreClock
    main.o(.text) refers to main.o(.bss) for App_TaskStartStk
    task.o(.text) refers to faddsub_clz.o(x$fpl$fsub) for __aeabi_fsub
    task.o(.text) refers to frleqf.o(x$fpl$frleqf) for __aeabi_cfrcmple
    task.o(.text) refers to fleqf.o(x$fpl$fleqf) for __aeabi_cfcmple
    task.o(.text) refers to faddsub_clz.o(x$fpl$fadd) for __aeabi_fadd
    task.o(.text) refers to f2d.o(x$fpl$f2d) for __aeabi_f2d
    task.o(.text) refers to dmul.o(x$fpl$dmul) for __aeabi_dmul
    task.o(.text) refers to fmul.o(x$fpl$fmul) for __aeabi_fmul
    task.o(.text) refers to daddsub_clz.o(x$fpl$dadd) for __aeabi_dadd
    task.o(.text) refers to d2f.o(x$fpl$d2f) for __aeabi_d2f
    task.o(.text) refers to usart.o(.text) for gety
    task.o(.text) refers to feqf.o(x$fpl$feqf) for __aeabi_cfcmpeq
    task.o(.text) refers to sin.o(i.sin) for sin
    task.o(.text) refers to cos.o(i.cos) for cos
    task.o(.text) refers to daddsub_clz.o(x$fpl$drsb) for __aeabi_drsub
    task.o(.text) refers to daddsub_clz.o(x$fpl$dsub) for __aeabi_dsub
    task.o(.text) refers to task.o(.data) for err_last
    task.o(.text) refers to stm32f4xx_it.o(.data) for colorgroundright
    task.o(.text) refers to os_sem.o(.text) for OSSemSet
    task.o(.text) refers to stm32f4xx_gpio.o(.text) for GPIO_ReadInputDataBit
    task.o(.text) refers to other.o(.text) for getv
    task.o(.text) refers to deqf.o(x$fpl$deqf) for __aeabi_cdcmpeq
    task.o(.text) refers to sqrt.o(i.sqrt) for sqrt
    task.o(.text) refers to elmo.o(.text) for VelCrl
    task.o(.text) refers to timer.o(.text) for wait
    task.o(.text) refers to move.o(.text) for go_small
    task.o(.text) refers to ffix.o(x$fpl$ffix) for __aeabi_f2iz
    task.o(.text) refers to fflt_clz.o(x$fpl$fflt) for __aeabi_i2f
    task.o(.text) refers to drleqf.o(x$fpl$drleqf) for __aeabi_cdrcmple
    task.o(.text) refers to faddsub_clz.o(x$fpl$frsb) for __aeabi_frsub
    task.o(.text) refers to dfix.o(x$fpl$dfix) for __aeabi_d2iz
    task.o(.text) refers to dleqf.o(x$fpl$dleqf) for __aeabi_cdcmple
    task.o(.text) refers to fdiv.o(x$fpl$fdiv) for __aeabi_fdiv
    task.o(.text) refers to dflt_clz.o(x$fpl$dflt) for __aeabi_i2d
    task.o(.text) refers to ddiv.o(x$fpl$ddiv) for __aeabi_ddiv
    task.o(.text) refers to move.o(.data) for ii_
    task.o(.text) refers to misc.o(.text) for NVIC_PriorityGroupConfig
    task.o(.text) refers to gpio.o(.text) for KeyInit
    task.o(.text) refers to can.o(.text) for CAN_Config
    task.o(.text) refers to stm32f4xx_tim.o(.text) for TIM_SetCompare1
    task.o(.text) refers to os_task.o(.text) for OSTaskSuspend
    task.o(.text) refers to task.o(.bss) for App_ConfigStk
    stm32f4xx_it.o(.text) refers to os_cpu_a.o(.text) for OS_CPU_SR_Save
    stm32f4xx_it.o(.text) refers to can.o(.text) for CAN_RxMsg
    stm32f4xx_it.o(.text) refers to stm32f4xx_can.o(.text) for CAN_ClearFlag
    stm32f4xx_it.o(.text) refers to os_core.o(.text) for OSIntExit
    stm32f4xx_it.o(.text) refers to stm32f4xx_tim.o(.text) for TIM_GetITStatus
    stm32f4xx_it.o(.text) refers to os_sem.o(.text) for OSSemPost
    stm32f4xx_it.o(.text) refers to stm32f4xx_usart.o(.text) for USART_GetITStatus
    stm32f4xx_it.o(.text) refers to stm32f4xx_it.o(.data) for speed6_s
    stm32f4xx_it.o(.text) refers to os_core.o(.data) for OSIntNesting
    stm32f4xx_it.o(.text) refers to task.o(.data) for PeriodSem
    timer.o(.text) refers to stm32f4xx_rcc.o(.text) for RCC_APB2PeriphClockCmd
    timer.o(.text) refers to stm32f4xx_tim.o(.text) for TIM_TimeBaseInit
    timer.o(.text) refers to misc.o(.text) for NVIC_Init
    timer.o(.text) refers to stm32f4xx_gpio.o(.text) for GPIO_PinAFConfig
    timer.o(.text) refers to f2d.o(x$fpl$f2d) for __aeabi_f2d
    timer.o(.text) refers to ddiv.o(x$fpl$ddiv) for __aeabi_ddiv
    timer.o(.text) refers to dmul.o(x$fpl$dmul) for __aeabi_dmul
    timer.o(.text) refers to daddsub_clz.o(x$fpl$dadd) for __aeabi_dadd
    timer.o(.text) refers to d2f.o(x$fpl$d2f) for __aeabi_d2f
    timer.o(.text) refers to fmul.o(x$fpl$fmul) for __aeabi_fmul
    timer.o(.text) refers to ffixu.o(x$fpl$ffixu) for __aeabi_f2uiz
    gpio.o(.text) refers to stm32f4xx_rcc.o(.text) for RCC_AHB1PeriphClockCmd
    gpio.o(.text) refers to stm32f4xx_gpio.o(.text) for GPIO_Init
    usart.o(.text) refers to stm32f4xx_usart.o(.text) for USART_SendData
[...]
    turnxy                                   0x0800bd55   Thumb Code   462  usart.o(.text)
    int32tostr                               0x0800bf23   Thumb Code   146  usart.o(.text)
    UART5_SendString                         0x0800bfb5   Thumb Code    24  usart.o(.text)
    sety                                     0x0800bfcd   Thumb Code     6  usart.o(.text)
    setx                                     0x0800bfd3   Thumb Code     6  usart.o(.text)
    USART1_IRQHandler                        0x0800bfd9   Thumb Code   352  usart.o(.text)
    getx                                     0x0800c139   Thumb Code     6  usart.o(.text)
    gety                                     0x0800c13f   Thumb Code     6  usart.o(.text)
    elmo_Init                                0x0800c1c9   Thumb Code    24  elmo.o(.text)
    elmo_Enable                              0x0800c1e1   Thumb Code   132  elmo.o(.text)
    elmo_Disable                             0x0800c265   Thumb Code   182  elmo.o(.text)
    Vel_cfg                                  0x0800c31b   Thumb Code   204  elmo.o(.text)
    VelCrl                                   0x0800c3e7   Thumb Code   186  elmo.o(.text)
    Pos_cfg                                  0x0800c4a1   Thumb Code   228  elmo.o(.text)
    PosCrl                                   0x0800c585   Thumb Code   228  elmo.o(.text)
    ReadActualCurrent                        0x0800c669   Thumb Code   130  elmo.o(.text)
    ReadActualPos                            0x0800c6eb   Thumb Code   132  elmo.o(.text)
    ReadActualVel                            0x0800c76f   Thumb Code   132  elmo.o(.text)
    velCrl                                   0x0800c7f3   Thumb Code    94  elmo.o(.text)
    xp_velcrl                                0x0800c851   Thumb Code    24  elmo.o(.text)
    CAN_Config                               0x0800c871   Thumb Code   940  can.o(.text)
    CAN_TxMsg                                0x0800cc1d   Thumb Code    88  can.o(.text)
    CAN_RxMsg                                0x0800cc75   Thumb Code    72  can.o(.text)
    setrollvel_L                             0x0800ccbd   Thumb Code     6  can.o(.text)
    getRollVel_L                             0x0800ccc3   Thumb Code     8  can.o(.text)
    setrollvel_R                             0x0800cccb   Thumb Code     6  can.o(.text)
    getRollVel_R                             0x0800ccd1   Thumb Code     8  can.o(.text)
    SetColor_l                               0x0800ccd9   Thumb Code     6  can.o(.text)
    SetColor_r                               0x0800ccdf   Thumb Code     6  can.o(.text)
    getcollor_l                              0x0800cce5   Thumb Code     6  can.o(.text)
    getcollor_r                              0x0800cceb   Thumb Code     6  can.o(.text)
    CloseLeftDoor                            0x0800cd05   Thumb Code    16  move.o(.text)
    CloseRightDoor                           0x0800cd15   Thumb Code    14  move.o(.text)
    OpenLeftDoor                             0x0800cd23   Thumb Code    16  move.o(.text)
    OpenRightDoor                            0x0800cd33   Thumb Code    16  move.o(.text)
    print_map                                0x0800cea5   Thumb Code    88  move.o(.text)
    velocitydecline                          0x0800cefd   Thumb Code   138  move.o(.text)
    freedom                                  0x0800cf87   Thumb Code   658  move.o(.text)
    freedom1                                 0x0800d219   Thumb Code  2364  move.o(.text)
    send_CAN                                 0x0800db55   Thumb Code    90  move.o(.text)
    judge                                    0x0800dbaf   Thumb Code   294  move.o(.text)
    go_small                                 0x0800dcd5   Thumb Code   544  move.o(.text)
    go_small2                                0x0800def5   Thumb Code   348  move.o(.text)
    geti                                     0x0800e051   Thumb Code     6  move.o(.text)
    cleari                                   0x0800e057   Thumb Code     8  move.o(.text)
    angleline                                0x0800e05f   Thumb Code   150  move.o(.text)
    smallmove                                0x0800e0f5   Thumb Code   238  move.o(.text)
    setex                                    0x0800e1e3   Thumb Code     6  move.o(.text)
    getex                                    0x0800e1e9   Thumb Code     6  move.o(.text)
    max                                      0x0800e1ef   Thumb Code    48  move.o(.text)
    judge_j                                  0x0800e21f   Thumb Code  2340  move.o(.text)
    setnx                                    0x0800eb43   Thumb Code     6  move.o(.text)
    findball                                 0x0800eb49   Thumb Code  1384  move.o(.text)
    getnx                                    0x0800f0b1   Thumb Code     6  move.o(.text)
    forward_anglemove                        0x0800f0b7   Thumb Code   130  move.o(.text)
    back_anglemove                           0x0800f139   Thumb Code   130  move.o(.text)
    getvel                                   0x0800f287   Thumb Code   264  other.o(.text)
    getvel1                                  0x0800f38f   Thumb Code   260  other.o(.text)
    getv                                     0x0800f493   Thumb Code    24  other.o(.text)
    getv1                                    0x0800f4ab   Thumb Code    24  other.o(.text)
    whatsexangle                             0x0800f4c3   Thumb Code   176  other.o(.text)
    whatsexangle2                            0x0800f573   Thumb Code   244  other.o(.text)
    SystemInit                               0x0800f77d   Thumb Code    74  system_stm32f4xx.o(.text)
    SystemCoreClockUpdate                    0x0800f7c7   Thumb Code   174  system_stm32f4xx.o(.text)
    Reset_Handler                            0x0800f8a1   Thumb Code     8  startup_stm32f4xx.o(.text)
    ADC_IRQHandler                           0x0800f8bb   Thumb Code     0  startup_stm32f4xx.o(.text)
    CAN1_RX1_IRQHandler                      0x0800f8bb   Thumb Code     0  startup_stm32f4xx.o(.text)
    CAN1_SCE_IRQHandler                      0x0800f8bb   Thumb Code     0  startup_stm32f4xx.o(.text)
    CAN1_TX_IRQHandler                       0x0800f8bb   Thumb Code     0  startup_stm32f4xx.o(.text)
    CAN2_RX0_IRQHandler                      0x0800f8bb   Thumb Code     0  startup_stm32f4xx.o(.text)
    CAN2_RX1_IRQHandler                      0x0800f8bb   Thumb Code     0  startup_stm32f4xx.o(.text)
    CAN2_SCE_IRQHandler                      0x0800f8bb   Thumb Code     0  startup_stm32f4xx.o(.text)
    CAN2_TX_IRQHandler                       0x0800f8bb   Thumb Code     0  startup_stm32f4xx.o(.text)
    CRYP_IRQHandler                          0x0800f8bb   Thumb Code     0  startup_stm32f4xx.o(.text)
    DCMI_IRQHandler                          0x0800f8bb   Thumb Code     0  startup_stm32f4xx.o(.text)
    DMA1_Stream0_IRQHandler                  0x0800f8bb   Thumb Code     0  startup_stm32f4xx.o(.text)
    DMA1_Stream1_IRQHandler                  0x0800f8bb   Thumb Code     0  startup_stm32f4xx.o(.text)
    DMA1_Stream2_IRQHandler                  0x0800f8bb   Thumb Code     0  startup_stm32f4xx.o(.text)
    DMA1_Stream3_IRQHandler                  0x0800f8bb   Thumb Code     0  startup_stm32f4xx.o(.text)
    DMA1_Stream4_IRQHandler                  0x0800f8bb   Thumb Code     0  startup_stm32f4xx.o(.text)
    DMA1_Stream5_IRQHandler                  0x0800f8bb   Thumb Code     0  startup_stm32f4xx.o(.text)
    DMA1_Stream6_IRQHandler                  0x0800f8bb   Thumb Code     0  startup_stm32f4xx.o(.text)
    DMA1_Stream7_IRQHandler                  0x0800f8bb   Thumb Code     0  startup_stm32f4xx.o(.text)
    DMA2_Stream0_IRQHandler                  0x0800f8bb   Thumb Code     0  startup_stm32f4xx.o(.text)
    DMA2_Stream1_IRQHandler                  0x0800f8bb   Thumb Code     0  startup_stm32f4xx.o(.text)
    DMA2_Stream2_IRQHandler                  0x0800f8bb   Thumb Code     0  startup_stm32f4xx.o(.text)
    DMA2_Stream3_IRQHandler                  0x0800f8bb   Thumb Code     0  startup_stm32f4xx.o(.text)
    DMA2_Stream4_IRQHandler                  0x0800f8bb   Thumb Code     0  startup_stm32f4xx.o(.text)
    DMA2_Stream5_IRQHandler                  0x0800f8bb   Thumb Code     0  startup_stm32f4xx.o(.text)
    DMA2_Stream6_IRQHandler                  0x0800f8bb   Thumb Code     0  startup_stm32f4xx.o(.text)
    DMA2_Stream7_IRQHandler                  0x0800f8bb   Thumb Code     0  startup_stm32f4xx.o(.text)
    ETH_IRQHandler                           0x0800f8bb   Thumb Code     0  startup_stm32f4xx.o(.text)
    ETH_WKUP_IRQHandler                      0x0800f8bb   Thumb Code     0  startup_stm32f4xx.o(.text)
    EXTI0_IRQHandler                         0x0800f8bb   Thumb Code     0  startup_stm32f4xx.o(.text)
    EXTI15_10_IRQHandler                     0x0800f8bb   Thumb Code     0  startup_stm32f4xx.o(.text)
    EXTI1_IRQHandler                         0x0800f8bb   Thumb Code     0  startup_stm32f4xx.o(.text)
    EXTI2_IRQHandler                         0x0800f8bb   Thumb Code     0  startup_stm32f4xx.o(.text)
    EXTI3_IRQHandler                         0x0800f8bb   Thumb Code     0  startup_stm32f4xx.o(.text)
    EXTI4_IRQHandler                         0x0800f8bb   Thumb Code     0  startup_stm32f4xx.o(.text)
    EXTI9_5_IRQHandler                       0x0800f8bb   Thumb Code     0  startup_stm32f4xx.o(.text)
    FLASH_IRQHandler                         0x0800f8bb   Thumb Code     0  startup_stm32f4xx.o(.text)
    FPU_IRQHandler                           0x0800f8bb   Thumb Code     0  startup_stm32f4xx.o(.text)
    FSMC_IRQHandler                          0x0800f8bb   Thumb Code     0  startup_stm32f4xx.o(.text)
    HASH_RNG_IRQHandler                      0x0800f8bb   Thumb Code     0  startup_stm32f4xx.o(.text)
    I2C1_ER_IRQHandler                       0x0800f8bb   Thumb Code     0  startup_stm32f4xx.o(.text)
    I2C1_EV_IRQHandler                       0x0800f8bb   Thumb Code     0  startup_stm32f4xx.o(.text)
    I2C2_ER_IRQHandler                       0x0800f8bb   Thumb Code     0  startup_stm32f4xx.o(.text)
    I2C2_EV_IRQHandler                       0x0800f8bb   Thumb Code     0  startup_stm32f4xx.o(.text)
    I2C3_ER_IRQHandler                       0x0800f8bb   Thumb Code     0  startup_stm32f4xx.o(.text)
    I2C3_EV_IRQHandler                       0x0800f8bb   Thumb Code     0  startup_stm32f4xx.o(.text)
    OTG_FS_IRQHandler                        0x0800f8bb   Thumb Code     0  startup_stm32f4xx.o(.text)
    OTG_FS_WKUP_IRQHandler                   0x0800f8bb   Thumb Code     0  startup_stm32f4xx.o(.text)
    OTG_HS_EP1_IN_IRQHandler                 0x0800f8bb   Thumb Code     0  startup_stm32f4xx.o(.text)
    OTG_HS_EP1_OUT_IRQHandler                0x0800f8bb   Thumb Code     0  startup_stm32f4xx.o(.text)
    OTG_HS_IRQHandler                        0x0800f8bb   Thumb Code     0  startup_stm32f4xx.o(.text)
    OTG_HS_WKUP_IRQHandler                   0x0800f8bb   Thumb Code     0  startup_stm32f4xx.o(.text)
    PVD_IRQHandler                           0x0800f8bb   Thumb Code     0  startup_stm32f4xx.o(.text)
    RCC_IRQHandler                           0x0800f8bb   Thumb Code     0  startup_stm32f4xx.o(.text)
    RTC_Alarm_IRQHandler                     0x0800f8bb   Thumb Code     0  startup_stm32f4xx.o(.text)
    RTC_WKUP_IRQHandler                      0x0800f8bb   Thumb Code     0  startup_stm32f4xx.o(.text)
    SDIO_IRQHandler                          0x0800f8bb   Thumb Code     0  startup_stm32f4xx.o(.text)
    SPI1_IRQHandler                          0x0800f8bb   Thumb Code     0  startup_stm32f4xx.o(.text)
    SPI2_IRQHandler                          0x0800f8bb   Thumb Code     0  startup_stm32f4xx.o(.text)
    SPI3_IRQHandler                          0x0800f8bb   Thumb Code     0  startup_stm32f4xx.o(.text)
    TAMP_STAMP_IRQHandler                    0x0800f8bb   Thumb Code     0  startup_stm32f4xx.o(.text)
    TIM1_BRK_TIM9_IRQHandler                 0x0800f8bb   Thumb Code     0  startup_stm32f4xx.o(.text)
    TIM1_CC_IRQHandler                       0x0800f8bb   Thumb Code     0  startup_stm32f4xx.o(.text)
    TIM1_TRG_COM_TIM11_IRQHandler            0x0800f8bb   Thumb Code     0  startup_stm32f4xx.o(.text)
    TIM6_DAC_IRQHandler                      0x0800f8bb   Thumb Code     0  startup_stm32f4xx.o(.text)
    TIM7_IRQHandler                          0x0800f8bb   Thumb Code     0  startup_stm32f4xx.o(.text)
    TIM8_BRK_TIM12_IRQHandler                0x0800f8bb   Thumb Code     0  startup_stm32f4xx.o(.text)
    TIM8_CC_IRQHandler                       0x0800f8bb   Thumb Code     0  startup_stm32f4xx.o(.text)
    TIM8_TRG_COM_TIM14_IRQHandler            0x0800f8bb   Thumb Code     0  startup_stm32f4xx.o(.text)
    USART2_IRQHandler                        0x0800f8bb   Thumb Code     0  startup_stm32f4xx.o(.text)
    USART3_IRQHandler                        0x0800f8bb   Thumb Code     0  startup_stm32f4xx.o(.text)
    USART6_IRQHandler                        0x0800f8bb   Thumb Code     0  startup_stm32f4xx.o(.text)
    WWDG_IRQHandler                          0x0800f8bb   Thumb Code     0  startup_stm32f4xx.o(.text)
    __user_initial_stackheap                 0x0800f8bd   Thumb Code     0  startup_stm32f4xx.o(.text)
    OSInitHookBegin                          0x0800f8e1   Thumb Code    40  os_cpu_c.o(.text)
    OSInitHookEnd                            0x0800f909   Thumb Code     2  os_cpu_c.o(.text)
    OSTaskCreateHook                         0x0800f90b   Thumb Code    12  os_cpu_c.o(.text)
    OSTaskDelHook                            0x0800f917   Thumb Code    12  os_cpu_c.o(.text)
    OSTaskIdleHook                           0x0800f923   Thumb Code     8  os_cpu_c.o(.text)
    OSTaskStatHook                           0x0800f92b   Thumb Code     8  os_cpu_c.o(.text)
    OSTaskStkInit                            0x0800f933   Thumb Code   152  os_cpu_c.o(.text)
    OSTaskSwHook                             0x0800f9cb   Thumb Code     8  os_cpu_c.o(.text)
    OSTCBInitHook                            0x0800f9d3   Thumb Code    12  os_cpu_c.o(.text)
    OSTimeTickHook                           0x0800f9df   Thumb Code    34  os_cpu_c.o(.text)
    SysTick_Handler                          0x0800fa01   Thumb Code    34  os_cpu_c.o(.text)
    OS_CPU_SysTickInit                       0x0800fa23   Thumb Code    28  os_cpu_c.o(.text)
    OS_CPU_SR_Save                           0x0800fa5d   Thumb Code     0  os_cpu_a.o(.text)
    OS_CPU_SR_Restore                        0x0800fa65   Thumb Code     0  os_cpu_a.o(.text)
    OSStartHighRdy                           0x0800fa6b   Thumb Code     0  os_cpu_a.o(.text)
    OSCtxSw                                  0x0800fa8b   Thumb Code     0  os_cpu_a.o(.text)
    OSIntCtxSw                               0x0800fa95   Thumb Code     0  os_cpu_a.o(.text)
    PendSV_Handler                           0x0800fa9f   Thumb Code     0  os_cpu_a.o(.text)
    CPU_IntDis                               0x0800fae1   Thumb Code     0  os_cpu_a.o(.text)
    CPU_IntEn                                0x0800fae5   Thumb Code     0  os_cpu_a.o(.text)
    OSDebugInit                              0x0800fb09   Thumb Code   118  os_dbg.o(.text)
    OS_StrLen                                0x0800fc65   Thumb Code    20  os_core.o(.text)
    OSEventNameGet                           0x0800fc79   Thumb Code   118  os_core.o(.text)
    OSEventNameSet                           0x0800fcef   Thumb Code   100  os_core.o(.text)
    OS_EventTaskRemoveMulti                  0x0800fd53   Thumb Code    58  os_core.o(.text)
    OS_Sched                                 0x0800fda7   Thumb Code    88  os_core.o(.text)
    OS_EventTaskWaitMulti                    0x0800fdff   Thumb Code   136  os_core.o(.text)
    OSEventPendMulti                         0x0800fe87   Thumb Code   760  os_core.o(.text)
    OS_TaskStatStkChk                        0x0801017f   Thumb Code    54  os_core.o(.text)
    OS_TaskStat                              0x080101b5   Thumb Code   116  os_core.o(.text)
    OS_TaskIdle                              0x0801025d   Thumb Code    34  os_core.o(.text)
    OS_MemClr                                0x080102b3   Thumb Code    18  os_core.o(.text)
    OSInit                                   0x080103db   Thumb Code    56  os_core.o(.text)
    OSIntEnter                               0x08010413   Thumb Code    28  os_core.o(.text)
    OSIntExit                                0x0801042f   Thumb Code   258  os_core.o(.text)
    OSSchedLock                              0x08010531   Thumb Code    50  os_core.o(.text)
    OSSchedUnlock                            0x08010563   Thumb Code    82  os_core.o(.text)
    OSStart                                  0x080105b5   Thumb Code    48  os_core.o(.text)
    OSStatInit                               0x080105e5   Thumb Code    62  os_core.o(.text)
    OSTimeTick                               0x08010623   Thumb Code   210  os_core.o(.text)
    OSVersion                                0x080106f5   Thumb Code     6  os_core.o(.text)
    OS_Dummy                                 0x080106fb   Thumb Code     2  os_core.o(.text)
    OS_EventTaskRemove                       0x080106fd   Thumb Code    42  os_core.o(.text)
    OS_EventTaskRdy                          0x08010727   Thumb Code   128  os_core.o(.text)
    OS_EventTaskWait                         0x080107a7   Thumb Code   112  os_core.o(.text)
    OS_EventWaitListInit                     0x08010817   Thumb Code    28  os_core.o(.text)
    OS_MemCopy                               0x08010833   Thumb Code    20  os_core.o(.text)
    OS_TCBInit                               0x08010847   Thumb Code   358  os_core.o(.text)
    OSFlagAccept                             0x080109b5   Thumb Code   262  os_flag.o(.text)
    OSFlagCreate                             0x08010abb   Thumb Code    86  os_flag.o(.text)
    OS_FlagUnlink                            0x08010b11   Thumb Code    36  os_flag.o(.text)
    OSFlagDel                                0x08010b87   Thumb Code   224  os_flag.o(.text)
    OSFlagNameGet                            0x08010c67   Thumb Code   100  os_flag.o(.text)
    OSFlagNameSet                            0x08010ccb   Thumb Code    82  os_flag.o(.text)
    OSFlagPend                               0x08010db5   Thumb Code   626  os_flag.o(.text)
    OSFlagPendGetFlagsRdy                    0x08011027   Thumb Code    26  os_flag.o(.text)
    OSFlagPost                               0x08011041   Thumb Code   322  os_flag.o(.text)
    OSFlagQuery                              0x08011183   Thumb Code    58  os_flag.o(.text)
    OS_FlagInit                              0x080111bd   Thumb Code    78  os_flag.o(.text)
    OSMemCreate                              0x08011219   Thumb Code   164  os_mem.o(.text)
    OSMemGet                                 0x080112bd   Thumb Code    72  os_mem.o(.text)
    OSMemNameGet                             0x08011305   Thumb Code    80  os_mem.o(.text)
    OSMemNameSet                             0x08011355   Thumb Code    64  os_mem.o(.text)
    OSMemPut                                 0x08011395   Thumb Code    66  os_mem.o(.text)
    OSMemQuery                               0x080113d7   Thumb Code    64  os_mem.o(.text)
    OS_MemInit                               0x08011417   Thumb Code    74  os_mem.o(.text)
    OSQAccept                                0x08011471   Thumb Code    98  os_q.o(.text)
    OSQCreate                                0x080114d3   Thumb Code   144  os_q.o(.text)
    OSQDel                                   0x08011563   Thumb Code   254  os_q.o(.text)
    OSQFlush                                 0x08011661   Thumb Code    52  os_q.o(.text)
    OSQPend                                  0x08011695   Thumb Code   288  os_q.o(.text)
    OSQPendAbort                             0x080117b5   Thumb Code   138  os_q.o(.text)
    OSQPost                                  0x0801183f   Thumb Code   120  os_q.o(.text)
    OSQPostFront                             0x080118b7   Thumb Code   146  os_q.o(.text)
    OSQPostOpt                               0x08011949   Thumb Code   188  os_q.o(.text)
    OSQQuery                                 0x08011a05   Thumb Code   110  os_q.o(.text)
    OS_QInit                                 0x08011a73   Thumb Code    72  os_q.o(.text)
    OSSemAccept                              0x08011ac5   Thumb Code    48  os_sem.o(.text)
    OSSemCreate                              0x08011af5   Thumb Code    72  os_sem.o(.text)
    OSSemDel                                 0x08011b3d   Thumb Code   220  os_sem.o(.text)
    OSSemPend                                0x08011c19   Thumb Code   236  os_sem.o(.text)
    OSSemPendAbort                           0x08011d05   Thumb Code   138  os_sem.o(.text)
    OSSemPost                                0x08011d8f   Thumb Code    94  os_sem.o(.text)
    OSSemQuery                               0x08011ded   Thumb Code    88  os_sem.o(.text)
    OSSemSet                                 0x08011e45   Thumb Code    74  os_sem.o(.text)
    OSTaskChangePrio                         0x08011ea5   Thumb Code   418  os_task.o(.text)
    OSTaskCreate                             0x08012047   Thumb Code   156  os_task.o(.text)
    OS_TaskStkClr                            0x080120e3   Thumb Code    26  os_task.o(.text)
    OSTaskCreateExt                          0x080120fd   Thumb Code   178  os_task.o(.text)
    OSTaskDel                                0x080121af   Thumb Code   354  os_task.o(.text)
    OSTaskDelReq                             0x08012311   Thumb Code   112  os_task.o(.text)
    OSTaskNameGet                            0x08012381   Thumb Code   140  os_task.o(.text)
    OSTaskNameSet                            0x0801240d   Thumb Code   120  os_task.o(.text)
    OSTaskResume                             0x08012485   Thumb Code   162  os_task.o(.text)
    OSTaskStkChk                             0x08012527   Thumb Code   150  os_task.o(.text)
    OSTaskSuspend                            0x080125bd   Thumb Code   172  os_task.o(.text)
    OSTaskQuery                              0x08012669   Thumb Code   132  os_task.o(.text)
    OSTaskRegGet                             0x080126ed   Thumb Code    86  os_task.o(.text)
    OSTaskRegSet                             0x08012743   Thumb Code    84  os_task.o(.text)
    OS_TaskReturn                            0x08012797   Thumb Code    18  os_task.o(.text)
    OSTimeDly                                0x080127b1   Thumb Code   100  os_time.o(.text)
    OSTimeDlyHMSM                            0x08012815   Thumb Code   124  os_time.o(.text)
    OSTimeDlyResume                          0x08012891   Thumb Code   168  os_time.o(.text)
    OSTimeGet                                0x08012939   Thumb Code    24  os_time.o(.text)
    OSTimeSet                                0x08012951   Thumb Code    24  os_time.o(.text)
    OSTmrCreate                              0x080129b7   Thumb Code   142  os_tmr.o(.text)
    OSTmrDel                                 0x08012abd   Thumb Code   134  os_tmr.o(.text)
    OSTmrNameGet                             0x08012b43   Thumb Code   134  os_tmr.o(.text)
    OSTmrRemainGet                           0x08012bc9   Thumb Code   172  os_tmr.o(.text)
    OSTmrStateGet                            0x08012c75   Thumb Code    96  os_tmr.o(.text)
    OSTmrStart                               0x08012d39   Thumb Code   166  os_tmr.o(.text)
    OSTmrStop                                0x08012ddf   Thumb Code   190  os_tmr.o(.text)
    OSTmrSignal                              0x08012e9d   Thumb Code    16  os_tmr.o(.text)
    OSTmr_Init                               0x08012f51   Thumb Code   172  os_tmr.o(.text)
    OSTaskReturnHook                         0x08013065   Thumb Code     2  os_apphooks.o(.text)
    App_TaskCreateHook                       0x08013067   Thumb Code     2  os_apphooks.o(.text)
    App_TaskDelHook                          0x08013069   Thumb Code     2  os_apphooks.o(.text)
    App_TaskIdleHook                         0x0801306b   Thumb Code     2  os_apphooks.o(.text)
    App_TaskReturnHook                       0x0801306d   Thumb Code     2  os_apphooks.o(.text)
    App_TaskStatHook                         0x0801306f   Thumb Code     2  os_apphooks.o(.text)
    App_TaskSwHook                           0x08013071   Thumb Code     2  os_apphooks.o(.text)
    App_TCBInitHook                          0x08013073   Thumb Code     2  os_apphooks.o(.text)
    App_TimeTickHook                         0x08013075   Thumb Code     2  os_apphooks.o(.text)
    GPIO_DeInit                              0x08013079   Thumb Code   220  stm32f4xx_gpio.o(.text)
    GPIO_Init                                0x08013155   Thumb Code   144  stm32f4xx_gpio.o(.text)
    GPIO_StructInit                          0x080131e5   Thumb Code    18  stm32f4xx_gpio.o(.text)
    GPIO_PinLockConfig                       0x080131f7   Thumb Code    34  stm32f4xx_gpio.o(.text)
    GPIO_ReadInputDataBit                    0x08013219   Thumb Code    18  stm32f4xx_gpio.o(.text)
    GPIO_ReadInputData                       0x0801322b   Thumb Code     8  stm32f4xx_gpio.o(.text)
    GPIO_ReadOutputDataBit                   0x08013233   Thumb Code    18  stm32f4xx_gpio.o(.text)
    GPIO_ReadOutputData                      0x08013245   Thumb Code     8  stm32f4xx_gpio.o(.text)
    GPIO_SetBits                             0x0801324d   Thumb Code     4  stm32f4xx_gpio.o(.text)
    GPIO_ResetBits                           0x08013251   Thumb Code     4  stm32f4xx_gpio.o(.text)
    GPIO_WriteBit                            0x08013255   Thumb Code    10  stm32f4xx_gpio.o(.text)
    GPIO_Write                               0x0801325f   Thumb Code     4  stm32f4xx_gpio.o(.text)
    GPIO_ToggleBits                          0x08013263   Thumb Code     8  stm32f4xx_gpio.o(.text)
    GPIO_PinAFConfig                         0x0801326b   Thumb Code    70  stm32f4xx_gpio.o(.text)
    RCC_DeInit                               0x080132d5   Thumb Code    60  stm32f4xx_rcc.o(.text)
    RCC_HSEConfig                            0x08013311   Thumb Code    14  stm32f4xx_rcc.o(.text)
    RCC_GetFlagStatus                        0x0801331f   Thumb Code    60  stm32f4xx_rcc.o(.text)
    RCC_WaitForHSEStartUp                    0x0801335b   Thumb Code    56  stm32f4xx_rcc.o(.text)
    RCC_AdjustHSICalibrationValue            0x08013393   Thumb Code    20  stm32f4xx_rcc.o(.text)
    RCC_HSICmd                               0x080133a7   Thumb Code     6  stm32f4xx_rcc.o(.text)
    RCC_LSEConfig                            0x080133ad   Thumb Code    46  stm32f4xx_rcc.o(.text)
    RCC_LSICmd                               0x080133db   Thumb Code     6  stm32f4xx_rcc.o(.text)
    RCC_PLLConfig                            0x080133e1   Thumb Code    32  stm32f4xx_rcc.o(.text)
    RCC_PLLCmd                               0x08013401   Thumb Code     6  stm32f4xx_rcc.o(.text)
    RCC_PLLI2SConfig                         0x08013407   Thumb Code    14  stm32f4xx_rcc.o(.text)
    RCC_PLLI2SCmd                            0x08013415   Thumb Code     6  stm32f4xx_rcc.o(.text)
    RCC_ClockSecuritySystemCmd               0x0801341b   Thumb Code     6  stm32f4xx_rcc.o(.text)
    RCC_MCO1Config                           0x08013421   Thumb Code    28  stm32f4xx_rcc.o(.text)
    RCC_MCO2Config                           0x0801343d   Thumb Code    28  stm32f4xx_rcc.o(.text)
    RCC_SYSCLKConfig                         0x08013459   Thumb Code    20  stm32f4xx_rcc.o(.text)
    RCC_GetSYSCLKSource                      0x0801346d   Thumb Code    12  stm32f4xx_rcc.o(.text)
    RCC_HCLKConfig                           0x08013479   Thumb Code    20  stm32f4xx_rcc.o(.text)
    RCC_PCLK1Config                          0x0801348d   Thumb Code    20  stm32f4xx_rcc.o(.text)
    RCC_PCLK2Config                          0x080134a1   Thumb Code    22  stm32f4xx_rcc.o(.text)
    RCC_GetClocksFreq                        0x080134b7   Thumb Code   222  stm32f4xx_rcc.o(.text)
    RCC_RTCCLKConfig                         0x08013595   Thumb Code    54  stm32f4xx_rcc.o(.text)
    RCC_RTCCLKCmd                            0x080135cb   Thumb Code     8  stm32f4xx_rcc.o(.text)
    RCC_BackupResetCmd                       0x080135d3   Thumb Code     8  stm32f4xx_rcc.o(.text)
    RCC_I2SCLKConfig                         0x080135db   Thumb Code     6  stm32f4xx_rcc.o(.text)
    RCC_AHB1PeriphClockCmd                   0x080135e1   Thumb Code    34  stm32f4xx_rcc.o(.text)
    RCC_AHB2PeriphClockCmd                   0x08013603   Thumb Code    34  stm32f4xx_rcc.o(.text)
    RCC_AHB3PeriphClockCmd                   0x08013625   Thumb Code    34  stm32f4xx_rcc.o(.text)
    RCC_APB1PeriphClockCmd                   0x08013647   Thumb Code    34  stm32f4xx_rcc.o(.text)
    RCC_APB2PeriphClockCmd                   0x08013669   Thumb Code    34  stm32f4xx_rcc.o(.text)
    RCC_AHB1PeriphResetCmd                   0x0801368b   Thumb Code    34  stm32f4xx_rcc.o(.text)
    RCC_AHB2PeriphResetCmd                   0x080136ad   Thumb Code    72  stm32f4xx_rcc.o(.text)
    RCC_AHB3PeriphResetCmd                   0x080136f5   Thumb Code    34  stm32f4xx_rcc.o(.text)
    RCC_APB1PeriphResetCmd                   0x08013717   Thumb Code    34  stm32f4xx_rcc.o(.text)
    RCC_APB2PeriphResetCmd                   0x08013739   Thumb Code    34  stm32f4xx_rcc.o(.text)
    RCC_AHB1PeriphClockLPModeCmd             0x0801375b   Thumb Code    34  stm32f4xx_rcc.o(.text)
    RCC_AHB2PeriphClockLPModeCmd             0x0801377d   Thumb Code    34  stm32f4xx_rcc.o(.text)
    RCC_AHB3PeriphClockLPModeCmd             0x0801379f   Thumb Code    34  stm32f4xx_rcc.o(.text)
    RCC_APB1PeriphClockLPModeCmd             0x080137c1   Thumb Code    34  stm32f4xx_rcc.o(.text)
    RCC_APB2PeriphClockLPModeCmd             0x080137e3   Thumb Code    34  stm32f4xx_rcc.o(.text)
    RCC_ITConfig                             0x08013805   Thumb Code    34  stm32f4xx_rcc.o(.text)
    RCC_ClearFlag                            0x08013827   Thumb Code    18  stm32f4xx_rcc.o(.text)
    RCC_GetITStatus                          0x08013839   Thumb Code    22  stm32f4xx_rcc.o(.text)
    RCC_ClearITPendingBit                    0x0801384f   Thumb Code     8  stm32f4xx_rcc.o(.text)
    NVIC_PriorityGroupConfig                 0x0801385d   Thumb Code    10  misc.o(.text)
    NVIC_Init                                0x08013867   Thumb Code   106  misc.o(.text)
    NVIC_SetVectorTable                      0x080138d1   Thumb Code    14  misc.o(.text)
    NVIC_SystemLPConfig                      0x080138df   Thumb Code    34  misc.o(.text)
    SysTick_CLKSourceConfig                  0x08013901   Thumb Code    40  misc.o(.text)
    TIM_DeInit                               0x0801393d   Thumb Code   346  stm32f4xx_tim.o(.text)
    TIM_TimeBaseInit                         0x08013a97   Thumb Code   104  stm32f4xx_tim.o(.text)
    TIM_TimeBaseStructInit                   0x08013aff   Thumb Code    18  stm32f4xx_tim.o(.text)
    TIM_PrescalerConfig                      0x08013b11   Thumb Code     6  stm32f4xx_tim.o(.text)
    TIM_CounterModeConfig                    0x08013b17   Thumb Code    18  stm32f4xx_tim.o(.text)
    TIM_SetCounter                           0x08013b29   Thumb Code     4  stm32f4xx_tim.o(.text)
    TIM_SetAutoreload                        0x08013b2d   Thumb Code     4  stm32f4xx_tim.o(.text)
    TIM_GetCounter                           0x08013b31   Thumb Code     6  stm32f4xx_tim.o(.text)
    TIM_GetPrescaler                         0x08013b37   Thumb Code     6  stm32f4xx_tim.o(.text)
    TIM_UpdateDisableConfig                  0x08013b3d   Thumb Code    24  stm32f4xx_tim.o(.text)
    TIM_UpdateRequestConfig                  0x08013b55   Thumb Code    24  stm32f4xx_tim.o(.text)
    TIM_ARRPreloadConfig                     0x08013b6d   Thumb Code    24  stm32f4xx_tim.o(.text)
    TIM_SelectOnePulseMode                   0x08013b85   Thumb Code    18  stm32f4xx_tim.o(.text)
    TIM_SetClockDivision                     0x08013b97   Thumb Code    18  stm32f4xx_tim.o(.text)
    TIM_Cmd                                  0x08013ba9   Thumb Code    24  stm32f4xx_tim.o(.text)
    TIM_OC1Init                              0x08013bc1   Thumb Code   114  stm32f4xx_tim.o(.text)
    TIM_OC2Init                              0x08013c33   Thumb Code   154  stm32f4xx_tim.o(.text)
    TIM_OC3Init                              0x08013ccd   Thumb Code   204  stm32f4xx_tim.o(.text)
    TIM_OC4Init                              0x08013d99   Thumb Code   112  stm32f4xx_tim.o(.text)
    TIM_OCStructInit                         0x08013e09   Thumb Code    20  stm32f4xx_tim.o(.text)
    TIM_SelectOCxM                           0x08013e1d   Thumb Code    86  stm32f4xx_tim.o(.text)
    TIM_SetCompare1                          0x08013e73   Thumb Code     4  stm32f4xx_tim.o(.text)
    TIM_SetCompare2                          0x08013e77   Thumb Code     4  stm32f4xx_tim.o(.text)
    TIM_SetCompare3                          0x08013e7b   Thumb Code     4  stm32f4xx_tim.o(.text)
    TIM_SetCompare4                          0x08013e7f   Thumb Code     4  stm32f4xx_tim.o(.text)
    TIM_ForcedOC1Config                      0x08013e83   Thumb Code    18  stm32f4xx_tim.o(.text)
    TIM_ForcedOC2Config                      0x08013e95   Thumb Code    26  stm32f4xx_tim.o(.text)
    TIM_ForcedOC3Config                      0x08013eaf   Thumb Code    18  stm32f4xx_tim.o(.text)
    TIM_ForcedOC4Config                      0x08013ec1   Thumb Code    26  stm32f4xx_tim.o(.text)
    TIM_OC1PreloadConfig                     0x08013edb   Thumb Code    18  stm32f4xx_tim.o(.text)
    TIM_OC2PreloadConfig                     0x08013eed   Thumb Code    26  stm32f4xx_tim.o(.text)
    TIM_OC3PreloadConfig                     0x08013f07   Thumb Code    18  stm32f4xx_tim.o(.text)
    TIM_OC4PreloadConfig                     0x08013f19   Thumb Code    26  stm32f4xx_tim.o(.text)
    TIM_OC1FastConfig                        0x08013f33   Thumb Code    18  stm32f4xx_tim.o(.text)
    TIM_OC2FastConfig                        0x08013f45   Thumb Code    26  stm32f4xx_tim.o(.text)
    TIM_OC3FastConfig                        0x08013f5f   Thumb Code    18  stm32f4xx_tim.o(.text)
    TIM_OC4FastConfig                        0x08013f71   Thumb Code    26  stm32f4xx_tim.o(.text)
    TIM_ClearOC1Ref                          0x08013f8b   Thumb Code    18  stm32f4xx_tim.o(.text)
    TIM_ClearOC2Ref                          0x08013f9d   Thumb Code    24  stm32f4xx_tim.o(.text)
    TIM_ClearOC3Ref                          0x08013fb5   Thumb Code    18  stm32f4xx_tim.o(.text)
    TIM_ClearOC4Ref                          0x08013fc7   Thumb Code    24  stm32f4xx_tim.o(.text)
    TIM_OC1PolarityConfig                    0x08013fdf   Thumb Code    18  stm32f4xx_tim.o(.text)
    TIM_OC1NPolarityConfig                   0x08013ff1   Thumb Code    18  stm32f4xx_tim.o(.text)
    TIM_OC2PolarityConfig                    0x08014003   Thumb Code    26  stm32f4xx_tim.o(.text)
    TIM_OC2NPolarityConfig                   0x0801401d   Thumb Code    26  stm32f4xx_tim.o(.text)
    TIM_OC3PolarityConfig                    0x08014037   Thumb Code    26  stm32f4xx_tim.o(.text)
    TIM_OC3NPolarityConfig                   0x08014051   Thumb Code    26  stm32f4xx_tim.o(.text)
    TIM_OC4PolarityConfig                    0x0801406b   Thumb Code    26  stm32f4xx_tim.o(.text)
    TIM_CCxCmd                               0x08014085   Thumb Code    30  stm32f4xx_tim.o(.text)
    TIM_CCxNCmd                              0x080140a3   Thumb Code    30  stm32f4xx_tim.o(.text)
    TIM_SetIC4Prescaler                      0x080140c1   Thumb Code    26  stm32f4xx_tim.o(.text)
    TIM_SetIC3Prescaler                      0x0801412b   Thumb Code    18  stm32f4xx_tim.o(.text)
    TIM_SetIC2Prescaler                      0x08014185   Thumb Code    26  stm32f4xx_tim.o(.text)
    TIM_SetIC1Prescaler                      0x080141f9   Thumb Code    18  stm32f4xx_tim.o(.text)
    TIM_ICInit                               0x08014245   Thumb Code   110  stm32f4xx_tim.o(.text)
    TIM_ICStructInit                         0x080142b3   Thumb Code    18  stm32f4xx_tim.o(.text)
    TIM_PWMIConfig                           0x080142c5   Thumb Code   124  stm32f4xx_tim.o(.text)
    TIM_GetCapture1                          0x08014341   Thumb Code     6  stm32f4xx_tim.o(.text)
    TIM_GetCapture2                          0x08014347   Thumb Code     6  stm32f4xx_tim.o(.text)
    TIM_GetCapture3                          0x0801434d   Thumb Code     6  stm32f4xx_tim.o(.text)
    TIM_GetCapture4                          0x08014353   Thumb Code     6  stm32f4xx_tim.o(.text)
    TIM_BDTRConfig                           0x08014359   Thumb Code    32  stm32f4xx_tim.o(.text)
    TIM_BDTRStructInit                       0x08014379   Thumb Code    18  stm32f4xx_tim.o(.text)
    TIM_CtrlPWMOutputs                       0x0801438b   Thumb Code    30  stm32f4xx_tim.o(.text)
    TIM_SelectCOM                            0x080143a9   Thumb Code    24  stm32f4xx_tim.o(.text)
    TIM_CCPreloadControl                     0x080143c1   Thumb Code    24  stm32f4xx_tim.o(.text)
    TIM_ITConfig                             0x080143d9   Thumb Code    18  stm32f4xx_tim.o(.text)
    TIM_GenerateEvent                        0x080143eb   Thumb Code     4  stm32f4xx_tim.o(.text)
    TIM_GetFlagStatus                        0x080143ef   Thumb Code    18  stm32f4xx_tim.o(.text)
    TIM_ClearFlag                            0x08014401   Thumb Code     6  stm32f4xx_tim.o(.text)
    TIM_GetITStatus                          0x08014407   Thumb Code    34  stm32f4xx_tim.o(.text)
    TIM_ClearITPendingBit                    0x08014429   Thumb Code     6  stm32f4xx_tim.o(.text)
    TIM_DMAConfig                            0x0801442f   Thumb Code    10  stm32f4xx_tim.o(.text)
    TIM_DMACmd                               0x08014439   Thumb Code    18  stm32f4xx_tim.o(.text)
    TIM_SelectCCDMA                          0x0801444b   Thumb Code    24  stm32f4xx_tim.o(.text)
    TIM_InternalClockConfig                  0x08014463   Thumb Code    12  stm32f4xx_tim.o(.text)
    TIM_SelectInputTrigger                   0x0801446f   Thumb Code    18  stm32f4xx_tim.o(.text)
    TIM_ITRxExternalClockConfig              0x08014481   Thumb Code    24  stm32f4xx_tim.o(.text)
    TIM_TIxExternalClockConfig               0x08014499   Thumb Code    62  stm32f4xx_tim.o(.text)
    TIM_ETRConfig                            0x080144d7   Thumb Code    28  stm32f4xx_tim.o(.text)
    TIM_ETRClockMode1Config                  0x080144f3   Thumb Code    54  stm32f4xx_tim.o(.text)
    TIM_ETRClockMode2Config                  0x08014529   Thumb Code    32  stm32f4xx_tim.o(.text)
    TIM_SelectOutputTrigger                  0x08014549   Thumb Code    18  stm32f4xx_tim.o(.text)
    TIM_SelectSlaveMode                      0x0801455b   Thumb Code    18  stm32f4xx_tim.o(.text)
    TIM_SelectMasterSlaveMode                0x0801456d   Thumb Code    18  stm32f4xx_tim.o(.text)
    TIM_EncoderInterfaceConfig               0x0801457f   Thumb Code    66  stm32f4xx_tim.o(.text)
    TIM_SelectHallSensor                     0x080145c1   Thumb Code    24  stm32f4xx_tim.o(.text)
    TIM_RemapConfig                          0x080145d9   Thumb Code     6  stm32f4xx_tim.o(.text)
    USART_DeInit                             0x080145e1   Thumb Code   156  stm32f4xx_usart.o(.text)
    USART_Init                               0x0801467d   Thumb Code   204  stm32f4xx_usart.o(.text)
    USART_StructInit                         0x08014749   Thumb Code    24  stm32f4xx_usart.o(.text)
    USART_ClockInit                          0x08014761   Thumb Code    32  stm32f4xx_usart.o(.text)
    USART_ClockStructInit                    0x08014781   Thumb Code    12  stm32f4xx_usart.o(.text)
    USART_Cmd                                0x0801478d   Thumb Code    24  stm32f4xx_usart.o(.text)
    USART_SetPrescaler                       0x080147a5   Thumb Code    16  stm32f4xx_usart.o(.text)
    USART_OverSampling8Cmd                   0x080147b5   Thumb Code    22  stm32f4xx_usart.o(.text)
    USART_OneBitMethodCmd                    0x080147cb   Thumb Code    24  stm32f4xx_usart.o(.text)
    USART_ClearFlag                          0x080147e3   Thumb Code    18  stm32f4xx_usart.o(.text)
    USART_GetFlagStatus                      0x080147f5   Thumb Code    26  stm32f4xx_usart.o(.text)
    USART_SendData                           0x0801480f   Thumb Code    44  stm32f4xx_usart.o(.text)
    USART_ReceiveData                        0x0801483b   Thumb Code    10  stm32f4xx_usart.o(.text)
    USART_SetAddress                         0x08014845   Thumb Code    18  stm32f4xx_usart.o(.text)
    USART_ReceiverWakeUpCmd                  0x08014857   Thumb Code    24  stm32f4xx_usart.o(.text)
    USART_WakeUpConfig                       0x0801486f   Thumb Code    18  stm32f4xx_usart.o(.text)
    USART_LINBreakDetectLengthConfig         0x08014881   Thumb Code    18  stm32f4xx_usart.o(.text)
    USART_LINCmd                             0x08014893   Thumb Code    24  stm32f4xx_usart.o(.text)
    USART_SendBreak                          0x080148ab   Thumb Code    10  stm32f4xx_usart.o(.text)
    USART_HalfDuplexCmd                      0x080148b5   Thumb Code    24  stm32f4xx_usart.o(.text)
    USART_SetGuardTime                       0x080148cd   Thumb Code    16  stm32f4xx_usart.o(.text)
    USART_SmartCardCmd                       0x080148dd   Thumb Code    24  stm32f4xx_usart.o(.text)
    USART_SmartCardNACKCmd                   0x080148f5   Thumb Code    24  stm32f4xx_usart.o(.text)
    USART_IrDAConfig                         0x0801490d   Thumb Code    18  stm32f4xx_usart.o(.text)
    USART_IrDACmd                            0x0801491f   Thumb Code    24  stm32f4xx_usart.o(.text)
    USART_DMACmd                             0x08014937   Thumb Code    18  stm32f4xx_usart.o(.text)
    USART_ITConfig                           0x08014949   Thumb Code    74  stm32f4xx_usart.o(.text)
    USART_GetITStatus                        0x08014993   Thumb Code   110  stm32f4xx_usart.o(.text)
    USART_ClearITPendingBit                  0x08014a01   Thumb Code    30  stm32f4xx_usart.o(.text)
    CAN_DeInit                               0x08014a21   Thumb Code    50  stm32f4xx_can.o(.text)
    CAN_Init                                 0x08014a53   Thumb Code   276  stm32f4xx_can.o(.text)
    CAN_FilterInit                           0x08014b67   Thumb Code   258  stm32f4xx_can.o(.text)
    CAN_StructInit                           0x08014c69   Thumb Code    32  stm32f4xx_can.o(.text)
    CAN_SlaveStartBank                       0x08014c89   Thumb Code    48  stm32f4xx_can.o(.text)
    CAN_DBGFreeze                            0x08014cb9   Thumb Code    22  stm32f4xx_can.o(.text)
    CAN_TTComModeCmd                         0x08014ccf   Thumb Code   118  stm32f4xx_can.o(.text)
    CAN_Transmit                             0x08014d45   Thumb Code   304  stm32f4xx_can.o(.text)
    CAN_TransmitStatus                       0x08014e75   Thumb Code   138  stm32f4xx_can.o(.text)
    CAN_CancelTransmit                       0x08014eff   Thumb Code    48  stm32f4xx_can.o(.text)
    CAN_Receive                              0x08014f2f   Thumb Code   240  stm32f4xx_can.o(.text)
    CAN_FIFORelease                          0x0801501f   Thumb Code    22  stm32f4xx_can.o(.text)
    CAN_MessagePending                       0x08015035   Thumb Code    30  stm32f4xx_can.o(.text)
    CAN_OperatingModeRequest                 0x08015053   Thumb Code   162  stm32f4xx_can.o(.text)
    CAN_Sleep                                0x080150f5   Thumb Code    30  stm32f4xx_can.o(.text)
    CAN_WakeUp                               0x08015113   Thumb Code    48  stm32f4xx_can.o(.text)
    CAN_GetLastErrorCode                     0x08015143   Thumb Code    12  stm32f4xx_can.o(.text)
    CAN_GetReceiveErrorCounter               0x0801514f   Thumb Code    10  stm32f4xx_can.o(.text)
    CAN_GetLSBTransmitErrorCounter           0x08015159   Thumb Code    12  stm32f4xx_can.o(.text)
    CAN_ITConfig                             0x08015165   Thumb Code    18  stm32f4xx_can.o(.text)
    CAN_GetFlagStatus                        0x08015177   Thumb Code   120  stm32f4xx_can.o(.text)
    CAN_ClearFlag                            0x080151ef   Thumb Code    52  stm32f4xx_can.o(.text)
    CAN_GetITStatus                          0x08015235   Thumb Code   310  stm32f4xx_can.o(.text)
    CAN_ClearITPendingBit                    0x0801536b   Thumb Code   162  stm32f4xx_can.o(.text)
    __aeabi_memcpy4                          0x08015411   Thumb Code     0  rt_memcpy_w.o(.text)
    __aeabi_memcpy8                          0x08015411   Thumb Code     0  rt_memcpy_w.o(.text)
    __rt_memcpy_w                            0x08015411   Thumb Code   100  rt_memcpy_w.o(.text)
    _memcpy_lastbytes_aligned                0x08015459   Thumb Code     0  rt_memcpy_w.o(.text)
    __use_two_region_memory                  0x08015475   Thumb Code     2  heapauxi.o(.text)
    __rt_heap_escrow$2region                 0x08015477   Thumb Code     2  heapauxi.o(.text)
    __rt_heap_expand$2region                 0x08015479   Thumb Code     2  heapauxi.o(.text)
    __read_errno                             0x0801547b   Thumb Code    10  _rserrno.o(.text)
    __set_errno                              0x08015485   Thumb Code    12  _rserrno.o(.text)
    __aeabi_errno_addr                       0x08015491   Thumb Code     8  rt_errno_addr_intlibspace.o(.text)
    __errno$intlibspace                      0x08015491   Thumb Code     0  rt_errno_addr_intlibspace.o(.text)
    __rt_errno_addr$intlibspace              0x08015491   Thumb Code     0  rt_errno_addr_intlibspace.o(.text)
    __user_libspace                          0x08015499   Thumb Code     8  libspace.o(.text)
    __user_perproc_libspace                  0x08015499   Thumb Code     0  libspace.o(.text)
    __user_perthread_libspace                0x08015499   Thumb Code     0  libspace.o(.text)
    __user_setup_stackheap                   0x080154a1   Thumb Code    74  sys_stackheap_outer.o(.text)
    exit                                     0x080154eb   Thumb Code    12  exit.o(.text)
    _sys_exit                                0x080154f9   Thumb Code     8  sys_exit.o(.text)
    __I$use$semihosting                      0x08015505   Thumb Code     0  use_no_semi.o(.text)
    __use_no_semihosting_swi                 0x08015505   Thumb Code     2  use_no_semi.o(.text)
    __ARM_fpclassify                         0x08015507   Thumb Code    40  fpclassify.o(i.__ARM_fpclassify)
    __semihosting_library_function           0x08015507   Thumb Code     0  indicate_semi.o(.text)
    __ARM_fpclassifyf                        0x0801552f   Thumb Code    38  fpclassifyf.o(i.__ARM_fpclassifyf)
    __ieee754_rem_pio2                       0x08015555   Thumb Code   830  rred.o(i.__ieee754_rem_pio2)
    __kernel_cos                             0x080158dd   Thumb Code   230  cos_i.o(i.__kernel_cos)
    __kernel_poly                            0x080159d9   Thumb Code   170  poly.o(i.__kernel_poly)
    __kernel_sin                             0x08015a85   Thumb Code   224  sin_i.o(i.__kernel_sin)
    __mathlib_dbl_underflow                  0x08015b71   Thumb Code    10  dunder.o(i.__mathlib_dbl_underflow)
    __mathlib_flt_underflow                  0x08015b81   Thumb Code    10  funder.o(i.__mathlib_flt_underflow)
    atan2f                                   0x08015b8d   Thumb Code   528  atan2f.o(i.atan2f)
    cos                                      0x08015de9   Thumb Code   164  cos.o(i.cos)
    sin                                      0x08015e95   Thumb Code   166  sin.o(i.sin)
    sqrt                                     0x08015f45   Thumb Code    76  sqrt.o(i.sqrt)
    sqrtf                                    0x08015f91   Thumb Code    44  sqrtf.o(i.sqrtf)
    __aeabi_d2f                              0x08015fbd   Thumb Code     0  d2f.o(x$fpl$d2f)
    _d2f                                     0x08015fbd   Thumb Code    98  d2f.o(x$fpl$d2f)
    __aeabi_dadd                             0x08016021   Thumb Code     0  daddsub_clz.o(x$fpl$dadd)
    _dadd                                    0x08016021   Thumb Code   332  daddsub_clz.o(x$fpl$dadd)
    __fpl_dcheck_NaN1                        0x08016171   Thumb Code    10  dcheck1.o(x$fpl$dcheck1)
    __fpl_dcmp_Inf                           0x08016181   Thumb Code    24  dcmpi.o(x$fpl$dcmpinf)
    __aeabi_ddiv                             0x08016199   Thumb Code     0  ddiv.o(x$fpl$ddiv)
    _ddiv                                    0x08016199   Thumb Code   552  ddiv.o(x$fpl$ddiv)
    __aeabi_cdcmpeq                          0x08016449   Thumb Code     0  deqf.o(x$fpl$deqf)
    _dcmpeq                                  0x08016449   Thumb Code   120  deqf.o(x$fpl$deqf)
    __aeabi_d2iz                             0x080164c1   Thumb Code     0  dfix.o(x$fpl$dfix)
    _dfix                                    0x080164c1   Thumb Code    94  dfix.o(x$fpl$dfix)
    __aeabi_i2d                              0x0801651f   Thumb Code     0  dflt_clz.o(x$fpl$dflt)
    _dflt                                    0x0801651f   Thumb Code    46  dflt_clz.o(x$fpl$dflt)
    __aeabi_ui2d                             0x0801654d   Thumb Code     0  dflt_clz.o(x$fpl$dfltu)
    _dfltu                                   0x0801654d   Thumb Code    38  dflt_clz.o(x$fpl$dfltu)
    __aeabi_cdcmple                          0x08016575   Thumb Code     0  dleqf.o(x$fpl$dleqf)
    _dcmple                                  0x08016575   Thumb Code   120  dleqf.o(x$fpl$dleqf)
    __fpl_dcmple_InfNaN                      0x080165d7   Thumb Code     0  dleqf.o(x$fpl$dleqf)
    __aeabi_dmul                             0x080165ed   Thumb Code     0  dmul.o(x$fpl$dmul)
    _dmul                                    0x080165ed   Thumb Code   332  dmul.o(x$fpl$dmul)
    __fpl_dnaninf                            0x08016741   Thumb Code   156  dnaninf.o(x$fpl$dnaninf)
    __fpl_dretinf                            0x080167dd   Thumb Code    12  dretinf.o(x$fpl$dretinf)
    __aeabi_cdrcmple                         0x080167e9   Thumb Code     0  drleqf.o(x$fpl$drleqf)
    _drcmple                                 0x080167e9   Thumb Code   108  drleqf.o(x$fpl$drleqf)
    __aeabi_drsub                            0x08016855   Thumb Code     0  daddsub_clz.o(x$fpl$drsb)
    _drsb                                    0x08016855   Thumb Code    22  daddsub_clz.o(x$fpl$drsb)
    _dsqrt                                   0x0801686d   Thumb Code   404  dsqrt_umaal.o(x$fpl$dsqrt)
    __aeabi_dsub                             0x08016a05   Thumb Code     0  daddsub_clz.o(x$fpl$dsub)
    _dsub                                    0x08016a05   Thumb Code   464  daddsub_clz.o(x$fpl$dsub)
    __aeabi_f2d                              0x08016bd9   Thumb Code     0  f2d.o(x$fpl$f2d)
    _f2d                                     0x08016bd9   Thumb Code    86  f2d.o(x$fpl$f2d)
    __aeabi_fadd                             0x08016c31   Thumb Code     0  faddsub_clz.o(x$fpl$fadd)
    _fadd                                    0x08016c31   Thumb Code   196  faddsub_clz.o(x$fpl$fadd)
    __fpl_fcheck_NaN1                        0x08016cf5   Thumb Code     6  fcheck1.o(x$fpl$fcheck1)
    __fpl_fcmp_Inf                           0x08016d01   Thumb Code    24  fcmpi.o(x$fpl$fcmpinf)
    __aeabi_fdiv                             0x08016d19   Thumb Code     0  fdiv.o(x$fpl$fdiv)
    _fdiv                                    0x08016d19   Thumb Code   384  fdiv.o(x$fpl$fdiv)
    __aeabi_cfcmpeq                          0x08016e9d   Thumb Code     0  feqf.o(x$fpl$feqf)
    _fcmpeq                                  0x08016e9d   Thumb Code   104  feqf.o(x$fpl$feqf)
    __aeabi_f2iz                             0x08016f05   Thumb Code     0  ffix.o(x$fpl$ffix)
    _ffix                                    0x08016f05   Thumb Code    54  ffix.o(x$fpl$ffix)
    __aeabi_f2uiz                            0x08016f3d   Thumb Code     0  ffixu.o(x$fpl$ffixu)
    _ffixu                                   0x08016f3d   Thumb Code    62  ffixu.o(x$fpl$ffixu)
    __aeabi_i2f                              0x08016f7d   Thumb Code     0  fflt_clz.o(x$fpl$fflt)
    _fflt                                    0x08016f7d   Thumb Code    48  fflt_clz.o(x$fpl$fflt)
    __aeabi_ui2f                             0x08016fad   Thumb Code     0  fflt_clz.o(x$fpl$ffltu)
    _ffltu                                   0x08016fad   Thumb Code    38  fflt_clz.o(x$fpl$ffltu)
    __aeabi_cfcmple                          0x08016fd5   Thumb Code     0  fleqf.o(x$fpl$fleqf)
    _fcmple                                  0x08016fd5   Thumb Code   104  fleqf.o(x$fpl$fleqf)
    __fpl_fcmple_InfNaN                      0x08017027   Thumb Code     0  fleqf.o(x$fpl$fleqf)
    __aeabi_fmul                             0x0801703d   Thumb Code     0  fmul.o(x$fpl$fmul)
    _fmul                                    0x0801703d   Thumb Code   258  fmul.o(x$fpl$fmul)
    __fpl_fnaninf                            0x0801713f   Thumb Code   140  fnaninf.o(x$fpl$fnaninf)
    __fpl_fretinf                            0x080171cb   Thumb Code    10  fretinf.o(x$fpl$fretinf)
    __aeabi_cfrcmple                         0x080171d5   Thumb Code     0  frleqf.o(x$fpl$frleqf)
    _frcmple                                 0x080171d5   Thumb Code    98  frleqf.o(x$fpl$frleqf)
    __aeabi_frsub                            0x08017237   Thumb Code     0  faddsub_clz.o(x$fpl$frsb)
    _frsb                                    0x08017237   Thumb Code    20  faddsub_clz.o(x$fpl$frsb)
    _fsqrt                                   0x0801724d   Thumb Code   272  fsqrt.o(x$fpl$fsqrt)
    __aeabi_fsub                             0x0801735d   Thumb Code     0  faddsub_clz.o(x$fpl$fsub)
    _fsub                                    0x0801735d   Thumb Code   234  faddsub_clz.o(x$fpl$fsub)
    __fpl_return_NaN                         0x08017447   Thumb Code   100  retnan.o(x$fpl$retnan)
    __ARM_scalbn                             0x080174ab   Thumb Code    92  scalbn.o(x$fpl$scalbn)
    __ARM_scalbnf                            0x08017507   Thumb Code    76  scalbnf.o(x$fpl$scalbnf)
    __fpl_cmpreturn                          0x08017553   Thumb Code    48  trapv.o(x$fpl$trapveneer)
    __I$use$fp                               0x08017582   Number         0  usenofp.o(x$fpl$usenofp)
    OSDebugEn                                0x0801768c   Data           2  os_dbg.o(.constdata)
    OSEndiannessTest                         0x08017690   Data           4  os_dbg.o(.constdata)
    OSEventEn                                0x08017694   Data           2  os_dbg.o(.constdata)
    OSEventMax                               0x08017696   Data           2  os_dbg.o(.constdata)
    OSEventNameEn                            0x08017698   Data           2  os_dbg.o(.constdata)
    OSEventSize                              0x0801769a   Data           2  os_dbg.o(.constdata)
    OSEventTblSize                           0x0801769c   Data           2  os_dbg.o(.constdata)
    OSEventMultiEn                           0x0801769e   Data           2  os_dbg.o(.constdata)
    OSFlagEn                                 0x080176a0   Data           2  os_dbg.o(.constdata)
    OSFlagGrpSize                            0x080176a2   Data           2  os_dbg.o(.constdata)
    OSFlagNodeSize                           0x080176a4   Data           2  os_dbg.o(.constdata)
    OSFlagWidth                              0x080176a6   Data           2  os_dbg.o(.constdata)
    OSFlagMax                                0x080176a8   Data           2  os_dbg.o(.constdata)
    OSFlagNameEn                             0x080176aa   Data           2  os_dbg.o(.constdata)
    OSLowestPrio                             0x080176ac   Data           2  os_dbg.o(.constdata)
    OSMboxEn                                 0x080176ae   Data           2  os_dbg.o(.constdata)
    OSMemEn                                  0x080176b0   Data           2  os_dbg.o(.constdata)
    OSMemMax                                 0x080176b2   Data           2  os_dbg.o(.constdata)
    OSMemNameEn                              0x080176b4   Data           2  os_dbg.o(.constdata)
    OSMemSize                                0x080176b6   Data           2  os_dbg.o(.constdata)
    OSMemTblSize                             0x080176b8   Data           2  os_dbg.o(.constdata)
    OSMutexEn                                0x080176ba   Data           2  os_dbg.o(.constdata)
    OSPtrSize                                0x080176bc   Data           2  os_dbg.o(.constdata)
    OSQEn                                    0x080176be   Data           2  os_dbg.o(.constdata)
    OSQMax                                   0x080176c0   Data           2  os_dbg.o(.constdata)
    OSQSize                                  0x080176c2   Data           2  os_dbg.o(.constdata)
    OSRdyTblSize                             0x080176c4   Data           2  os_dbg.o(.constdata)
    OSSemEn                                  0x080176c6   Data           2  os_dbg.o(.constdata)
    OSStkWidth                               0x080176c8   Data           2  os_dbg.o(.constdata)
    OSTaskCreateEn                           0x080176ca   Data           2  os_dbg.o(.constdata)
    OSTaskCreateExtEn                        0x080176cc   Data           2  os_dbg.o(.constdata)
    OSTaskDelEn                              0x080176ce   Data           2  os_dbg.o(.constdata)
    OSTaskIdleStkSize                        0x080176d0   Data           2  os_dbg.o(.constdata)
    OSTaskProfileEn                          0x080176d2   Data           2  os_dbg.o(.constdata)
    OSTaskMax                                0x080176d4   Data           2  os_dbg.o(.constdata)
    OSTaskNameEn                             0x080176d6   Data           2  os_dbg.o(.constdata)
    OSTaskStatEn                             0x080176d8   Data           2  os_dbg.o(.constdata)
    OSTaskStatStkSize                        0x080176da   Data           2  os_dbg.o(.constdata)
    OSTaskStatStkChkEn                       0x080176dc   Data           2  os_dbg.o(.constdata)
    OSTaskSwHookEn                           0x080176de   Data           2  os_dbg.o(.constdata)
    OSTaskRegTblSize                         0x080176e0   Data           2  os_dbg.o(.constdata)
    OSTCBPrioTblMax                          0x080176e2   Data           2  os_dbg.o(.constdata)
    OSTCBSize                                0x080176e4   Data           2  os_dbg.o(.constdata)
    OSTicksPerSec                            0x080176e6   Data           2  os_dbg.o(.constdata)
    OSTimeTickHookEn                         0x080176e8   Data           2  os_dbg.o(.constdata)
    OSVersionNbr                             0x080176ea   Data           2  os_dbg.o(.constdata)
    OSTmrEn                                  0x080176ec   Data           2  os_dbg.o(.constdata)
    OSTmrCfgMax                              0x080176ee   Data           2  os_dbg.o(.constdata)
    OSTmrCfgNameEn                           0x080176f0   Data           2  os_dbg.o(.constdata)
    OSTmrCfgWheelSize                        0x080176f2   Data           2  os_dbg.o(.constdata)
    OSTmrCfgTicksPerSec                      0x080176f4   Data           2  os_dbg.o(.constdata)
    OSTmrSize                                0x080176f6   Data           2  os_dbg.o(.constdata)
    OSTmrTblSize                             0x080176f8   Data           2  os_dbg.o(.constdata)
    OSTmrWheelSize                           0x080176fa   Data           2  os_dbg.o(.constdata)
    OSTmrWheelTblSize                        0x080176fc   Data           2  os_dbg.o(.constdata)
    OSDataSize                               0x080176fe   Data           2  os_dbg.o(.constdata)
    OSUnMapTbl                               0x08017700   Data         256  os_core.o(.constdata)
    Region$$Table$$Base                      0x08017920   Number         0  anon$$obj.o(Region$$Table)
    Region$$Table$$Limit                     0x08017940   Number         0  anon$$obj.o(Region$$Table)
    PeriodSem                                0x20000000   Data           4  task.o(.data)
    colorinit                                0x20000004   Data           1  task.o(.data)
    real_angle                               0x20000048   Data           4  task.o(.data)
    real_x                                   0x2000007c   Data           4  task.o(.data)
    real_y                                   0x20000080   Data           4  task.o(.data)
    receiveCount                             0x200001dc   Data           4  stm32f4xx_it.o(.data)
    sudu6                                    0x200001e0   Data           2  stm32f4xx_it.o(.data)
    sudu8                                    0x200001e2   Data           2  stm32f4xx_it.o(.data)
    speed6                                   0x200001e4   Data           2  stm32f4xx_it.o(.data)
    speed8                                   0x200001e6   Data           2  stm32f4xx_it.o(.data)
    data                                     0x200001e8   Data           4  stm32f4xx_it.o(.data)
    data1                                    0x200001ec   Data           4  stm32f4xx_it.o(.data)
    datal                                    0x200001f0   Data           3  stm32f4xx_it.o(.data)
    encoder_right                            0x200001f4   Data           2  stm32f4xx_it.o(.data)
    vell_right                               0x200001f6   Data           2  stm32f4xx_it.o(.data)
    vell_right1                              0x200001f8   Data           2  stm32f4xx_it.o(.data)
    left                                     0x200001fa   Data           3  stm32f4xx_it.o(.data)
    middle                                   0x200001fd   Data           3  stm32f4xx_it.o(.data)
    right                                    0x20000200   Data           3  stm32f4xx_it.o(.data)
    colorgroundright                         0x20000204   Data           2  stm32f4xx_it.o(.data)
    colorgroundleft                          0x20000206   Data           2  stm32f4xx_it.o(.data)
    whiteball                                0x20000208   Data           1  stm32f4xx_it.o(.data)
    blackball                                0x20000209   Data           1  stm32f4xx_it.o(.data)
    TIME_s                                   0x20000214   Data           4  stm32f4xx_it.o(.data)
    XP_JISHU                                 0x20000218   Data           4  stm32f4xx_it.o(.data)
    ii_                                      0x20000274   Data           4  move.o(.data)
    area                                     0x200002b0   Data           7  move.o(.data)
    nxset                                    0x200002d8   Data           4  move.o(.data)
    SystemCoreClock                          0x20000358   Data           4  system_stm32f4xx.o(.data)
    AHBPrescTable                            0x2000035c   Data          16  system_stm32f4xx.o(.data)
    OS_CPU_ExceptStkBase                     0x2000036c   Data           4  os_cpu_c.o(.data)
    OSCtxSwCtr                               0x20000374   Data           4  os_core.o(.data)
    OSEventFreeList                          0x20000378   Data           4  os_core.o(.data)
    OSFlagFreeList                           0x2000037c   Data           4  os_core.o(.data)
    OSCPUUsage                               0x20000380   Data           1  os_core.o(.data)
    OSIdleCtrMax                             0x20000384   Data           4  os_core.o(.data)
    OSIdleCtrRun                             0x20000388   Data           4  os_core.o(.data)
    OSStatRdy                                0x2000038c   Data           1  os_core.o(.data)
    OSIntNesting                             0x2000038d   Data           1  os_core.o(.data)
    OSLockNesting                            0x2000038e   Data           1  os_core.o(.data)
    OSPrioCur                                0x2000038f   Data           1  os_core.o(.data)
    OSPrioHighRdy                            0x20000390   Data           1  os_core.o(.data)
    OSRdyGrp                                 0x20000391   Data           1  os_core.o(.data)
    OSRdyTbl                                 0x20000392   Data           8  os_core.o(.data)
    OSRunning                                0x2000039a   Data           1  os_core.o(.data)
    OSTaskCtr                                0x2000039b   Data           1  os_core.o(.data)
    OSIdleCtr                                0x2000039c   Data           4  os_core.o(.data)
    OSTCBCur                                 0x200003a0   Data           4  os_core.o(.data)
    OSTCBFreeList                            0x200003a4   Data           4  os_core.o(.data)
    OSTCBHighRdy                             0x200003a8   Data           4  os_core.o(.data)
    OSTCBList                                0x200003ac   Data           4  os_core.o(.data)
    OSTickStepState                          0x200003b0   Data           1  os_core.o(.data)
    OSMemFreeList                            0x200003b4   Data           4  os_core.o(.data)
    OSQFreeList                              0x200003b8   Data           4  os_core.o(.data)
    OSTime                                   0x200003bc   Data           4  os_core.o(.data)
    OSTmrFree                                0x200003c0   Data           2  os_core.o(.data)
    OSTmrUsed                                0x200003c2   Data           2  os_core.o(.data)
    OSTmrTime                                0x200003c4   Data           4  os_core.o(.data)
    OSTmrSem                                 0x200003c8   Data           4  os_core.o(.data)
    OSTmrSemSignal                           0x200003cc   Data           4  os_core.o(.data)
    OSTmrFreeList                            0x200003d0   Data           4  os_core.o(.data)
    OS_CPU_ExceptStk                         0x20012ca8   Data         512  os_cpu_c.o(.bss)
    OSEventTbl                               0x20012ea8   Data        1440  os_core.o(.bss)
    OSFlagTbl                                0x20013448   Data          80  os_core.o(.bss)
    OSTaskStatStk                            0x20013498   Data         512  os_core.o(.bss)
    OSTaskIdleStk                            0x20013698   Data         512  os_core.o(.bss)
    OSTCBPrioTbl                             0x20013898   Data         256  os_core.o(.bss)
    OSTCBTbl                                 0x20013998   Data        2816  os_core.o(.bss)
    OSMemTbl                                 0x20014498   Data         120  os_core.o(.bss)
    OSQTbl                                   0x20014510   Data          96  os_core.o(.bss)
    OSTmrTbl                                 0x20014570   Data         640  os_core.o(.bss)
    OSTmrTaskStk                             0x200147f0   Data         512  os_core.o(.bss)
    OSTmrWheelTbl                            0x200149f0   Data          64  os_core.o(.bss)
    __libspace_start                         0x20014a30   Data          96  libspace.o(.bss)
    __temporary_stack_top$libspace           0x20014a90   Data           0  libspace.o(.bss)



==============================================================================

Memory Map of the image

  Image Entry point : 0x08000189

  Load Region LR_IROM1 (Base: 0x08000000, Size: 0x00017d24, Max: 0x00080000, ABSOLUTE, COMPRESSED[0x000179b0])

    Execution Region ER_IROM1 (Base: 0x08000000, Size: 0x00017940, Max: 0x00080000, ABSOLUTE)

    Base Addr    Size         Type   Attr      Idx    E Section Name        Object

    0x08000000   0x00000188   Data   RO          516    RESET               startup_stm32f4xx.o
    0x08000188   0x00000008   Code   RO          929  * !!!main             c_w.l(__main.o)
    0x08000190   0x00000034   Code   RO         1273    !!!scatter          c_w.l(__scatter.o)
    0x080001c4   0x0000005a   Code   RO         1271    !!dczerorl2         c_w.l(__dczerorl2.o)
    0x0800021e   0x00000002   PAD
    0x08000220   0x0000001c   Code   RO         1275    !!handler_zi        c_w.l(__scatter_zi.o)
    0x0800023c   0x00000002   Code   RO         1141    .ARM.Collect$$libinit$$00000000  c_w.l(libinit.o)
    0x0800023e   0x00000000   Code   RO         1149    .ARM.Collect$$libinit$$00000002  c_w.l(libinit2.o)
    0x0800023e   0x00000000   Code   RO         1152    .ARM.Collect$$libinit$$00000008  c_w.l(libinit2.o)
    0x0800023e   0x00000000   Code   RO         1154    .ARM.Collect$$libinit$$0000000A  c_w.l(libinit2.o)
    0x0800023e   0x00000000   Code   RO         1156    .ARM.Collect$$libinit$$0000000C  c_w.l(libinit2.o)
    0x0800023e   0x00000000   Code   RO         1159    .ARM.Collect$$libinit$$0000000F  c_w.l(libinit2.o)
    0x0800023e   0x00000000   Code   RO         1161    .ARM.Collect$$libinit$$00000011  c_w.l(libinit2.o)
    0x0800023e   0x00000000   Code   RO         1163    .ARM.Collect$$libinit$$00000013  c_w.l(libinit2.o)
    0x0800023e   0x00000000   Code   RO         1165    .ARM.Collect$$libinit$$00000015  c_w.l(libinit2.o)
    0x0800023e   0x00000000   Code   RO         1167    .ARM.Collect$$libinit$$00000017  c_w.l(libinit2.o)
    0x0800023e   0x00000000   Code   RO         1169    .ARM.Collect$$libinit$$00000019  c_w.l(libinit2.o)
    0x0800023e   0x00000000   Code   RO         1171    .ARM.Collect$$libinit$$0000001B  c_w.l(libinit2.o)
    0x0800023e   0x00000000   Code   RO         1173    .ARM.Collect$$libinit$$0000001D  c_w.l(libinit2.o)
    0x0800023e   0x00000000   Code   RO         1175    .ARM.Collect$$libinit$$0000001F  c_w.l(libinit2.o)
    0x0800023e   0x00000000   Code   RO         1177    .ARM.Collect$$libinit$$00000021  c_w.l(libinit2.o)
    0x0800023e   0x00000000   Code   RO         1179    .ARM.Collect$$libinit$$00000023  c_w.l(libinit2.o)
    0x0800023e   0x00000000   Code   RO         1183    .ARM.Collect$$libinit$$0000002A  c_w.l(libinit2.o)
    0x0800023e   0x00000000   Code   RO         1185    .ARM.Collect$$libinit$$0000002C  c_w.l(libinit2.o)
    0x0800023e   0x00000000   Code   RO         1187    .ARM.Collect$$libinit$$0000002E  c_w.l(libinit2.o)
    0x0800023e   0x00000000   Code   RO         1189    .ARM.Collect$$libinit$$00000030  c_w.l(libinit2.o)
    0x0800023e   0x00000002   Code   RO         1190    .ARM.Collect$$libinit$$00000031  c_w.l(libinit2.o)
    0x08000240   0x00000002   Code   RO         1212    .ARM.Collect$$libshutdown$$00000000  c_w.l(libshutdown.o)
    0x08000242   0x00000000   Code   RO         1226    .ARM.Collect$$libshutdown$$00000003  c_w.l(libshutdown2.o)
    0x08000242   0x00000000   Code   RO         1229    .ARM.Collect$$libshutdown$$00000006  c_w.l(libshutdown2.o)
    0x08000242   0x00000000   Code   RO         1232    .ARM.Collect$$libshutdown$$00000009  c_w.l(libshutdown2.o)
    0x08000242   0x00000000   Code   RO         1234    .ARM.Collect$$libshutdown$$0000000B  c_w.l(libshutdown2.o)
    0x08000242   0x00000000   Code   RO         1237    .ARM.Collect$$libshutdown$$0000000E  c_w.l(libshutdown2.o)
    0x08000242   0x00000002   Code   RO         1238    .ARM.Collect$$libshutdown$$0000000F  c_w.l(libshutdown2.o)
    0x08000244   0x00000000   Code   RO         1053    .ARM.Collect$$rtentry$$00000000  c_w.l(rtentry.o)
    0x08000244   0x00000000   Code   RO         1102    .ARM.Collect$$rtentry$$00000002  c_w.l(rtentry2.o)
    0x08000244   0x00000006   Code   RO         1114    .ARM.Collect$$rtentry$$00000004  c_w.l(rtentry4.o)
    0x0800024a   0x00000000   Code   RO         1104    .ARM.Collect$$rtentry$$00000009  c_w.l(rtentry2.o)
    0x0800024a   0x00000004   Code   RO         1105    .ARM.Collect$$rtentry$$0000000A  c_w.l(rtentry2.o)
    0x0800024e   0x00000000   Code   RO         1107    .ARM.Collect$$rtentry$$0000000C  c_w.l(rtentry2.o)
    0x0800024e   0x00000008   Code   RO         1108    .ARM.Collect$$rtentry$$0000000D  c_w.l(rtentry2.o)
    0x08000256   0x00000002   Code   RO         1146    .ARM.Collect$$rtexit$$00000000  c_w.l(rtexit.o)
    0x08000258   0x00000000   Code   RO         1194    .ARM.Collect$$rtexit$$00000002  c_w.l(rtexit2.o)
    0x08000258   0x00000004   Code   RO         1195    .ARM.Collect$$rtexit$$00000003  c_w.l(rtexit2.o)
    0x0800025c   0x00000006   Code   RO         1196    .ARM.Collect$$rtexit$$00000004  c_w.l(rtexit2.o)
    0x08000262   0x00000002   PAD
    0x08000264   0x00000074   Code   RO            3    .text               main.o
    0x080002d8   0x0000aa74   Code   RO           98    .text               task.o
    0x0800ad4c   0x00000438   Code   RO          171    .text               stm32f4xx_it.o
    0x0800b184   0x00000724   Code   RO          213    .text               timer.o
    0x0800b8a8   0x000000f8   Code   RO          233    .text               gpio.o
    0x0800b9a0   0x00000828   Code   RO          253    .text               usart.o
    0x0800c1c8   0x000006a8   Code   RO          283    .text               elmo.o
    0x0800c870   0x00000494   Code   RO          304    .text               can.o
    0x0800cd04   0x000024c4   Code   RO          442    .text               move.o
    0x0800f1c8   0x000004d8   Code   RO          467    .text               other.o
    0x0800f6a0   0x00000200   Code   RO          490    .text               system_stm32f4xx.o
    0x0800f8a0   0x00000040   Code   RO          517    .text               startup_stm32f4xx.o
    0x0800f8e0   0x0000017c   Code   RO          523    .text               os_cpu_c.o
    0x0800fa5c   0x000000ac   Code   RO          552    .text               os_cpu_a.o
    0x0800fb08   0x0000015c   Code   RO          555    .text               os_dbg.o
    0x0800fc64   0x00000d50   Code   RO          570    .text               os_core.o
    0x080109b4   0x00000864   Code   RO          590    .text               os_flag.o
    0x08011218   0x00000258   Code   RO          614    .text               os_mem.o
    0x08011470   0x00000654   Code   RO          638    .text               os_q.o
    0x08011ac4   0x000003e0   Code   RO          650    .text               os_sem.o
    0x08011ea4   0x0000090c   Code   RO          662    .text               os_task.o
    0x080127b0   0x000001d4   Code   RO          674    .text               os_time.o
    0x08012984   0x000006e0   Code   RO          686    .text               os_tmr.o
    0x08013064   0x00000012   Code   RO          700    .text               os_apphooks.o
    0x08013076   0x00000002   PAD
    0x08013078   0x0000025c   Code   RO          720    .text               stm32f4xx_gpio.o
    0x080132d4   0x00000588   Code   RO          740    .text               stm32f4xx_rcc.o
    0x0801385c   0x000000e0   Code   RO          762    .text               misc.o
    0x0801393c   0x00000ca2   Code   RO          782    .text               stm32f4xx_tim.o
    0x080145de   0x00000002   PAD
    0x080145e0   0x0000043e   Code   RO          802    .text               stm32f4xx_usart.o
    0x08014a1e   0x00000002   PAD
    0x08014a20   0x000009f0   Code   RO          822    .text               stm32f4xx_can.o
    0x08015410   0x00000064   Code   RO          925    .text               c_w.l(rt_memcpy_w.o)
    0x08015474   0x00000006   Code   RO          927    .text               c_w.l(heapauxi.o)
    0x0801547a   0x00000016   Code   RO         1054    .text               c_w.l(_rserrno.o)
    0x08015490   0x00000008   Code   RO         1119    .text               c_w.l(rt_errno_addr_intlibspace.o)
    0x08015498   0x00000008   Code   RO         1129    .text               c_w.l(libspace.o)
    0x080154a0   0x0000004a   Code   RO         1132    .text               c_w.l(sys_stackheap_outer.o)
    0x080154ea   0x0000000c   Code   RO         1134    .text               c_w.l(exit.o)
    0x080154f6   0x00000002   PAD
    0x080154f8   0x0000000c   Code   RO         1204    .text               c_w.l(sys_exit.o)
    0x08015504   0x00000002   Code   RO         1215    .text               c_w.l(use_no_semi.o)
    0x08015506   0x00000000   Code   RO         1217    .text               c_w.l(indicate_semi.o)
    0x08015506   0x00000028   Code   RO         1127    i.__ARM_fpclassify  m_ws.l(fpclassify.o)
    0x0801552e   0x00000026   Code   RO         1078    i.__ARM_fpclassifyf  m_ws.l(fpclassifyf.o)
    0x08015554   0x00000388   Code   RO         1084    i.__ieee754_rem_pio2  m_ws.l(rred.o)
    0x080158dc   0x000000fc   Code   RO         1075    i.__kernel_cos      m_ws.l(cos_i.o)
    0x080159d8   0x000000aa   Code   RO         1082    i.__kernel_poly     m_ws.l(poly.o)
    0x08015a82   0x00000002   PAD
    0x08015a84   0x000000ec   Code   RO         1089    i.__kernel_sin      m_ws.l(sin_i.o)
    0x08015b70   0x00000010   Code   RO         1125    i.__mathlib_dbl_underflow  m_ws.l(dunder.o)
    0x08015b80   0x0000000a   Code   RO         1080    i.__mathlib_flt_underflow  m_ws.l(funder.o)
    0x08015b8a   0x00000002   PAD
    0x08015b8c   0x0000025c   Code   RO         1006    i.atan2f            m_ws.l(atan2f.o)
    0x08015de8   0x000000ac   Code   RO         1014    i.cos               m_ws.l(cos.o)
    0x08015e94   0x000000b0   Code   RO         1022    i.sin               m_ws.l(sin.o)
    0x08015f44   0x0000004c   Code   RO         1030    i.sqrt              m_ws.l(sqrt.o)
    0x08015f90   0x0000002c   Code   RO         1038    i.sqrtf             m_ws.l(sqrtf.o)
    0x08015fbc   0x00000062   Code   RO          931    x$fpl$d2f           fz_ws.l(d2f.o)
    0x0801601e   0x00000002   PAD
    0x08016020   0x00000150   Code   RO          933    x$fpl$dadd          fz_ws.l(daddsub_clz.o)
    0x08016170   0x00000010   Code   RO         1121    x$fpl$dcheck1       fz_ws.l(dcheck1.o)
    0x08016180   0x00000018   Code   RO         1056    x$fpl$dcmpinf       fz_ws.l(dcmpi.o)
    0x08016198   0x000002b0   Code   RO          940    x$fpl$ddiv          fz_ws.l(ddiv.o)
    0x08016448   0x00000078   Code   RO          943    x$fpl$deqf          fz_ws.l(deqf.o)
    0x080164c0   0x0000005e   Code   RO          945    x$fpl$dfix          fz_ws.l(dfix.o)
    0x0801651e   0x0000002e   Code   RO          950    x$fpl$dflt          fz_ws.l(dflt_clz.o)
    0x0801654c   0x00000026   Code   RO          949    x$fpl$dfltu         fz_ws.l(dflt_clz.o)
    0x08016572   0x00000002   PAD
    0x08016574   0x00000078   Code   RO          955    x$fpl$dleqf         fz_ws.l(dleqf.o)
    0x080165ec   0x00000154   Code   RO          957    x$fpl$dmul          fz_ws.l(dmul.o)
    0x08016740   0x0000009c   Code   RO         1058    x$fpl$dnaninf       fz_ws.l(dnaninf.o)
    0x080167dc   0x0000000c   Code   RO         1060    x$fpl$dretinf       fz_ws.l(dretinf.o)
    0x080167e8   0x0000006c   Code   RO          959    x$fpl$drleqf        fz_ws.l(drleqf.o)
    0x08016854   0x00000016   Code   RO          934    x$fpl$drsb          fz_ws.l(daddsub_clz.o)
    0x0801686a   0x00000002   PAD
    0x0801686c   0x00000198   Code   RO         1062    x$fpl$dsqrt         fz_ws.l(dsqrt_umaal.o)
    0x08016a04   0x000001d4   Code   RO          935    x$fpl$dsub          fz_ws.l(daddsub_clz.o)
    0x08016bd8   0x00000056   Code   RO          961    x$fpl$f2d           fz_ws.l(f2d.o)
    0x08016c2e   0x00000002   PAD
    0x08016c30   0x000000c4   Code   RO          963    x$fpl$fadd          fz_ws.l(faddsub_clz.o)
    0x08016cf4   0x0000000c   Code   RO         1142    x$fpl$fcheck1       fz_ws.l(fcheck1.o)
    0x08016d00   0x00000018   Code   RO         1064    x$fpl$fcmpinf       fz_ws.l(fcmpi.o)
    0x08016d18   0x00000184   Code   RO          970    x$fpl$fdiv          fz_ws.l(fdiv.o)
    0x08016e9c   0x00000068   Code   RO          973    x$fpl$feqf          fz_ws.l(feqf.o)
    0x08016f04   0x00000036   Code   RO          975    x$fpl$ffix          fz_ws.l(ffix.o)
    0x08016f3a   0x00000002   PAD
    0x08016f3c   0x0000003e   Code   RO          979    x$fpl$ffixu         fz_ws.l(ffixu.o)
    0x08016f7a   0x00000002   PAD
    0x08016f7c   0x00000030   Code   RO          984    x$fpl$fflt          fz_ws.l(fflt_clz.o)
    0x08016fac   0x00000026   Code   RO          983    x$fpl$ffltu         fz_ws.l(fflt_clz.o)
    0x08016fd2   0x00000002   PAD
    0x08016fd4   0x00000068   Code   RO          989    x$fpl$fleqf         fz_ws.l(fleqf.o)
    0x0801703c   0x00000102   Code   RO          991    x$fpl$fmul          fz_ws.l(fmul.o)
    0x0801713e   0x0000008c   Code   RO         1066    x$fpl$fnaninf       fz_ws.l(fnaninf.o)
    0x080171ca   0x0000000a   Code   RO         1068    x$fpl$fretinf       fz_ws.l(fretinf.o)
    0x080171d4   0x00000062   Code   RO          993    x$fpl$frleqf        fz_ws.l(frleqf.o)
    0x08017236   0x00000014   Code   RO          964    x$fpl$frsb          fz_ws.l(faddsub_clz.o)
    0x0801724a   0x00000002   PAD
    0x0801724c   0x00000110   Code   RO         1070    x$fpl$fsqrt         fz_ws.l(fsqrt.o)
    0x0801735c   0x000000ea   Code   RO          965    x$fpl$fsub          fz_ws.l(faddsub_clz.o)
    0x08017446   0x00000064   Code   RO         1144    x$fpl$retnan        fz_ws.l(retnan.o)
    0x080174aa   0x0000005c   Code   RO         1072    x$fpl$scalbn        fz_ws.l(scalbn.o)
    0x08017506   0x0000004c   Code   RO         1123    x$fpl$scalbnf       fz_ws.l(scalbnf.o)
    0x08017552   0x00000030   Code   RO         1191    x$fpl$trapveneer    fz_ws.l(trapv.o)
    0x08017582   0x00000000   Code   RO         1074    x$fpl$usenofp       fz_ws.l(usenofp.o)
    0x08017582   0x00000002   PAD
    0x08017584   0x00000108   Data   RO          284    .constdata          elmo.o
    0x0801768c   0x00000074   Data   RO          556    .constdata          os_dbg.o
    0x08017700   0x00000100   Data   RO          572    .constdata          os_core.o
    0x08017800   0x00000030   Data   RO         1076    .constdata          m_ws.l(cos_i.o)
    0x08017830   0x000000c8   Data   RO         1086    .constdata          m_ws.l(rred.o)
    0x080178f8   0x00000028   Data   RO         1090    .constdata          m_ws.l(sin_i.o)
    0x08017920   0x00000020   Data   RO         1269    Region$$Table       anon$$obj.o


    Execution Region RW_IRAM1 (Base: 0x20000000, Size: 0x00015090, Max: 0x00020000, ABSOLUTE, COMPRESSED[0x00000070])

    Base Addr    Size         Type   Attr      Idx    E Section Name        Object

    0x20000000   0x000001dc   Data   RW          100    .data               task.o
    0x200001dc   0x0000004c   Data   RW          172    .data               stm32f4xx_it.o
    0x20000228   0x00000043   Data   RW          255    .data               usart.o
    0x2000026b   0x00000001   PAD
    0x2000026c   0x00000006   Data   RW          305    .data               can.o
    0x20000272   0x00000002   PAD
    0x20000274   0x000000a4   Data   RW          444    .data               move.o
    0x20000318   0x0000003e   Data   RW          468    .data               other.o
    0x20000356   0x00000002   PAD
    0x20000358   0x00000014   Data   RW          491    .data               system_stm32f4xx.o
    0x2000036c   0x00000006   Data   RW          525    .data               os_cpu_c.o
    0x20000372   0x00000002   PAD
    0x20000374   0x00000060   Data   RW          573    .data               os_core.o
    0x200003d4   0x00000010   Data   RW          741    .data               stm32f4xx_rcc.o
    0x200003e4   0x00009400   Zero   RW            4    .bss                main.o
    0x200097e4   0x00009400   Zero   RW           99    .bss                task.o
    0x20012be4   0x00000018   Zero   RW          254    .bss                usart.o
    0x20012bfc   0x000000a9   Zero   RW          443    .bss                move.o
    0x20012ca5   0x00000003   PAD
    0x20012ca8   0x00000200   Zero   RW          524    .bss                os_cpu_c.o
    0x20012ea8   0x00001b88   Zero   RW          571    .bss                os_core.o
    0x20014a30   0x00000060   Zero   RW         1130    .bss                c_w.l(libspace.o)
    0x20014a90   0x00000200   Zero   RW          515    HEAP                startup_stm32f4xx.o
    0x20014c90   0x00000400   Zero   RW          514    STACK               startup_stm32f4xx.o


==============================================================================

Image component sizes


      Code (inc. data)   RO Data    RW Data    ZI Data      Debug   Object Name

      1172         30          0          6          0       4179   can.o
      1704         26        264          0          0       4414   elmo.o
       248         16          0          0          0       1310   gpio.o
       116         18          0          0      37888     230026   main.o
       224         20          0          0          0       1889   misc.o
      9412        968          0        164        169      10907   move.o
        18          0          0          0          0       1435   os_apphooks.o
      3408        290        256         96       7048      18847   os_core.o
       172         32          0          0          0        312   os_cpu_a.o
       380         30          0          6        512      11999   os_cpu_c.o
       348        230        116          0          0       3374   os_dbg.o
      2148         44          0          0          0       6884   os_flag.o
       600         16          0          0          0       3300   os_mem.o
      1620         34          0          0          0       5729   os_q.o
       992         22          0          0          0       3950   os_sem.o
      2316         76          0          0          0       8017   os_task.o
       468         28          0          0          0       1818   os_time.o
      1760        132          0          0          0       5613   os_tmr.o
      1240        140          0         62          0       2703   other.o
        64         26        392          0       1536        812   startup_stm32f4xx.o
      2544         38          0          0          0       7888   stm32f4xx_can.o
       604         36          0          0          0       3981   stm32f4xx_gpio.o
      1080        128          0         76          0       5307   stm32f4xx_it.o
      1416         48          0         16          0      10955   stm32f4xx_rcc.o
      3234         60          0          0          0      22216   stm32f4xx_tim.o
      1086         26          0          0          0       7736   stm32f4xx_usart.o
       512         44          0         20          0       1743   system_stm32f4xx.o
     43636       6192          0        476      37888      77436   task.o
      1828         54          0          0          0       3572   timer.o
      2088        206          0         67         24       7576   usart.o

    ----------------------------------------------------------------------
     86444       9010       1060        996      85068     475928   Object Totals
         0          0         32          0          0          0   (incl. Generated)
         6          0          0          7          3          0   (incl. Padding)

    ----------------------------------------------------------------------

      Code (inc. data)   RO Data    RW Data    ZI Data      Debug   Library Member Name

        90          0          0          0          0          0   __dczerorl2.o
         8          0          0          0          0         68   __main.o
        52          8          0          0          0          0   __scatter.o
        28          0          0          0          0          0   __scatter_zi.o
        22          0          0          0          0        100   _rserrno.o
        12          0          0          0          0         72   exit.o
         6          0          0          0          0        152   heapauxi.o
         0          0          0          0          0          0   indicate_semi.o
         2          0          0          0          0          0   libinit.o
         2          0          0          0          0          0   libinit2.o
         2          0          0          0          0          0   libshutdown.o
         2          0          0          0          0          0   libshutdown2.o
         8          4          0          0         96         68   libspace.o
         8          4          0          0          0         68   rt_errno_addr_intlibspace.o
       100          0          0          0          0         80   rt_memcpy_w.o
         0          0          0          0          0          0   rtentry.o
        12          0          0          0          0          0   rtentry2.o
         6          0          0          0          0          0   rtentry4.o
         2          0          0          0          0          0   rtexit.o
        10          0          0          0          0          0   rtexit2.o
        12          4          0          0          0         68   sys_exit.o
        74          0          0          0          0         80   sys_stackheap_outer.o
         2          0          0          0          0         68   use_no_semi.o
        98          4          0          0          0         92   d2f.o
       826         16          0          0          0        348   daddsub_clz.o
        16          4          0          0          0         68   dcheck1.o
        24          0          0          0          0         68   dcmpi.o
       688        140          0          0          0        208   ddiv.o
       120          4          0          0          0         92   deqf.o
        94          4          0          0          0         92   dfix.o
        84          0          0          0          0        136   dflt_clz.o
       120          4          0          0          0         92   dleqf.o
       340         12          0          0          0        104   dmul.o
       156          4          0          0          0         92   dnaninf.o
        12          0          0          0          0         68   dretinf.o
       108          0          0          0          0         80   drleqf.o
       408         56          0          0          0        120   dsqrt_umaal.o
        86          4          0          0          0         84   f2d.o
       450          8          0          0          0        236   faddsub_clz.o
        12          4          0          0          0         68   fcheck1.o
        24          0          0          0          0         68   fcmpi.o
       388         76          0          0          0         96   fdiv.o
       104          4          0          0          0         84   feqf.o
        54          4          0          0          0         84   ffix.o
        62          4          0          0          0         84   ffixu.o
        86          0          0          0          0        136   fflt_clz.o
       104          4          0          0          0         84   fleqf.o
       258          4          0          0          0         84   fmul.o
       140          4          0          0          0         84   fnaninf.o
        10          0          0          0          0         68   fretinf.o
        98          0          0          0          0         68   frleqf.o
       272        100          0          0          0         88   fsqrt.o
       100          0          0          0          0         68   retnan.o
        92          0          0          0          0         68   scalbn.o
        76          0          0          0          0         68   scalbnf.o
        48          0          0          0          0         68   trapv.o
         0          0          0          0          0          0   usenofp.o
       604         76          0          0          0        116   atan2f.o
       172          8          0          0          0        112   cos.o
       252         22         48          0          0        124   cos_i.o
        16          6          0          0          0         68   dunder.o
        40          0          0          0          0         68   fpclassify.o
        38          0          0          0          0         68   fpclassifyf.o
        10          0          0          0          0         68   funder.o
       170          0          0          0          0         96   poly.o
       904         74        200          0          0        140   rred.o
       176         10          0          0          0        116   sin.o
       236         12         40          0          0        128   sin_i.o
        76          0          0          0          0         84   sqrt.o
        44          0          0          0          0         80   sqrtf.o

    ----------------------------------------------------------------------
      8784        692        288          0         96       5440   Library Totals
        28          0          0          0          0          0   (incl. Padding)

    ----------------------------------------------------------------------

      Code (inc. data)   RO Data    RW Data    ZI Data      Debug   Library Name

       460         20          0          0         96        824   c_w.l
      5558        464          0          0          0       3348   fz_ws.l
      2738        208        288          0          0       1268   m_ws.l

    ----------------------------------------------------------------------
      8784        692        288          0         96       5440   Library Totals

    ----------------------------------------------------------------------

==============================================================================


      Code (inc. data)   RO Data    RW Data    ZI Data      Debug   

     95228       9702       1348        996      85164     475644   Grand Totals
     95228       9702       1348        112      85164     475644   ELF Image Totals (compressed)
     95228       9702       1348        112          0          0   ROM Totals

==============================================================================

    Total RO  Size (Code + RO Data)                96576 (  94.31kB)
    Total RW  Size (RW Data + ZI Data)             86160 (  84.14kB)
    Total ROM Size (Code + RO Data + RW Data)      96688 (  94.42kB)

==============================================================================

